###############################################################################
#
# IAR ELF Linker V8.32.1.169/W32 for ARM                  18/Mar/2019  15:29:42
# Copyright 2007-2018 IAR Systems AB.
#
#    Output file  =  
#        C:\Users\buidi\OneDrive\Desktop\Congty\PRJ3_3S\W5500-STM32-MQTT\W5500_MQTT_STM32\Debug\Exe\Ethernet.out
#    Map file     =  
#        C:\Users\buidi\OneDrive\Desktop\Congty\PRJ3_3S\W5500-STM32-MQTT\W5500_MQTT_STM32\Debug\List\Ethernet.map
#    Command line =  
#        -f C:\Users\buidi\AppData\Local\Temp\EWA0E3.tmp
#        (C:\Users\buidi\OneDrive\Desktop\Congty\PRJ3_3S\W5500-STM32-MQTT\W5500_MQTT_STM32\Debug\Obj\client.o
#        C:\Users\buidi\OneDrive\Desktop\Congty\PRJ3_3S\W5500-STM32-MQTT\W5500_MQTT_STM32\Debug\Obj\dhcp.o
#        C:\Users\buidi\OneDrive\Desktop\Congty\PRJ3_3S\W5500-STM32-MQTT\W5500_MQTT_STM32\Debug\Obj\flash_f4.o
#        C:\Users\buidi\OneDrive\Desktop\Congty\PRJ3_3S\W5500-STM32-MQTT\W5500_MQTT_STM32\Debug\Obj\led_cf.o
#        C:\Users\buidi\OneDrive\Desktop\Congty\PRJ3_3S\W5500-STM32-MQTT\W5500_MQTT_STM32\Debug\Obj\loopback.o
#        C:\Users\buidi\OneDrive\Desktop\Congty\PRJ3_3S\W5500-STM32-MQTT\W5500_MQTT_STM32\Debug\Obj\main.o
#        C:\Users\buidi\OneDrive\Desktop\Congty\PRJ3_3S\W5500-STM32-MQTT\W5500_MQTT_STM32\Debug\Obj\misc.o
#        C:\Users\buidi\OneDrive\Desktop\Congty\PRJ3_3S\W5500-STM32-MQTT\W5500_MQTT_STM32\Debug\Obj\server.o
#        C:\Users\buidi\OneDrive\Desktop\Congty\PRJ3_3S\W5500-STM32-MQTT\W5500_MQTT_STM32\Debug\Obj\socket.o
#        C:\Users\buidi\OneDrive\Desktop\Congty\PRJ3_3S\W5500-STM32-MQTT\W5500_MQTT_STM32\Debug\Obj\spi_cf.o
#        C:\Users\buidi\OneDrive\Desktop\Congty\PRJ3_3S\W5500-STM32-MQTT\W5500_MQTT_STM32\Debug\Obj\startup_stm32f4xx.o
#        C:\Users\buidi\OneDrive\Desktop\Congty\PRJ3_3S\W5500-STM32-MQTT\W5500_MQTT_STM32\Debug\Obj\stm32f4xx_exti.o
#        C:\Users\buidi\OneDrive\Desktop\Congty\PRJ3_3S\W5500-STM32-MQTT\W5500_MQTT_STM32\Debug\Obj\stm32f4xx_flash.o
#        C:\Users\buidi\OneDrive\Desktop\Congty\PRJ3_3S\W5500-STM32-MQTT\W5500_MQTT_STM32\Debug\Obj\stm32f4xx_gpio.o
#        C:\Users\buidi\OneDrive\Desktop\Congty\PRJ3_3S\W5500-STM32-MQTT\W5500_MQTT_STM32\Debug\Obj\stm32f4xx_it.o
#        C:\Users\buidi\OneDrive\Desktop\Congty\PRJ3_3S\W5500-STM32-MQTT\W5500_MQTT_STM32\Debug\Obj\stm32f4xx_rcc.o
#        C:\Users\buidi\OneDrive\Desktop\Congty\PRJ3_3S\W5500-STM32-MQTT\W5500_MQTT_STM32\Debug\Obj\stm32f4xx_spi.o
#        C:\Users\buidi\OneDrive\Desktop\Congty\PRJ3_3S\W5500-STM32-MQTT\W5500_MQTT_STM32\Debug\Obj\stm32f4xx_syscfg.o
#        C:\Users\buidi\OneDrive\Desktop\Congty\PRJ3_3S\W5500-STM32-MQTT\W5500_MQTT_STM32\Debug\Obj\stm32f4xx_tim.o
#        C:\Users\buidi\OneDrive\Desktop\Congty\PRJ3_3S\W5500-STM32-MQTT\W5500_MQTT_STM32\Debug\Obj\stm32f4xx_usart.o
#        C:\Users\buidi\OneDrive\Desktop\Congty\PRJ3_3S\W5500-STM32-MQTT\W5500_MQTT_STM32\Debug\Obj\system_stm32f4xx.o
#        C:\Users\buidi\OneDrive\Desktop\Congty\PRJ3_3S\W5500-STM32-MQTT\W5500_MQTT_STM32\Debug\Obj\w5500.o
#        C:\Users\buidi\OneDrive\Desktop\Congty\PRJ3_3S\W5500-STM32-MQTT\W5500_MQTT_STM32\Debug\Obj\wizchip_conf.o
#        --no_out_extension -o
#        C:\Users\buidi\OneDrive\Desktop\Congty\PRJ3_3S\W5500-STM32-MQTT\W5500_MQTT_STM32\Debug\Exe\Ethernet.out
#        --redirect _Printf=_PrintfFullNoMb --redirect _Scanf=_ScanfFullNoMb
#        --map
#        C:\Users\buidi\OneDrive\Desktop\Congty\PRJ3_3S\W5500-STM32-MQTT\W5500_MQTT_STM32\Debug\List\Ethernet.map
#        --config
#        C:\Users\buidi\OneDrive\Desktop\Congty\PRJ3_3S\W5500-STM32-MQTT\W5500_MQTT_STM32\Ethernet.icf
#        --semihosting --entry __iar_program_start --vfe --text_out locale)
#
###############################################################################

*******************************************************************************
*** RUNTIME MODEL ATTRIBUTES
***

CppFlavor       = *
__SystemLibrary = DLib
__dlib_version  = 6


*******************************************************************************
*** HEAP SELECTION
***

The basic heap was selected because no calls to memory allocation
functions were found in the application outside of system library
functions, and there are calls to deallocation functions in the
application.


*******************************************************************************
*** PLACEMENT SUMMARY
***

"A0":  place at 0x800'0000 { ro section .intvec };
"P1":  place in [from 0x800'0000 to 0x80f'ffff] { ro };
define block CSTACK with size = 8K, alignment = 8 { };
"P3":  place in [from 0x1000'0000 to 0x1000'ffff] {
          block CSTACK, section .ccram };
define block HEAP with size = 8K, alignment = 8 { };
"P4":  place in [from 0x2000'0000 to 0x2001'bfff] |
                [from 0x2001'c000 to 0x2001'ffff] { rw, block HEAP };
initialize by copy { rw };

No sections matched the following patterns:

  ro section application_specific_ro  in "P2"
  section .backup_sram                in "P5"
  section .ccram                      in "P3"


  Section            Kind         Address    Size  Object
  -------            ----         -------    ----  ------
"A0":                                       0x188
  .intvec            ro code   0x800'0000   0x188  startup_stm32f4xx.o [1]
                             - 0x800'0188   0x188

"P1":                                      0x33a4
  .text              ro code   0x800'0188   0xdf2  xprintffull_nomb.o [2]
  .text              ro code   0x800'0f7c    0x16  strchr.o [4]
  .text              ro code   0x800'0f94    0x40  xfail_s.o [2]
  .text              ro code   0x800'0fd4    0x36  strlen.o [4]
  .text              ro code   0x800'100c    0x58  memchr.o [4]
  .text              ro code   0x800'1064   0x230  I64DivMod.o [4]
  .text              ro code   0x800'1294   0x1a2  DblMul.o [3]
  .text              ro code   0x800'1438    0xa6  ABImemcpy.o [4]
  .text              ro code   0x800'14e0    0x70  frexp.o [3]
  .text              ro code   0x800'1550    0x2e  DblCmpLe.o [3]
  .text              ro code   0x800'1580    0x2e  DblCmpGe.o [3]
  .text              ro code   0x800'15b0   0x13a  ldexp.o [3]
  .text              ro code   0x800'16ec    0x3a  DblToS32.o [3]
  .text              ro code   0x800'1728    0x22  S32ToDbl.o [3]
  .text              ro code   0x800'174c    0xe2  DblSub.o [3]
  .text              ro code   0x800'1830   0x246  DblDiv.o [3]
  .text              ro code   0x800'1a78    0x28  DblToU32.o [3]
  .text              ro code   0x800'1aa0    0x1a  U32ToDbl.o [3]
  .text              ro code   0x800'1aba     0x6  abort.o [2]
  .text              ro code   0x800'1ac0     0x2  I64DivZer.o [4]
  .text              ro code   0x800'1ac4   0x16a  DblAdd.o [3]
  .text              ro code   0x800'1c30    0x14  exit.o [5]
  .text              ro code   0x800'1c44    0x80  iarttio.o [5]
  .text              ro code   0x800'1cc4    0x3c  XShttio.o [2]
  .text              ro code   0x800'1d00   0x6ca  wizchip_conf.o [1]
  .text              ro code   0x800'23cc   0x1e0  w5500.o [1]
  .text              ro code   0x800'25ac   0x380  spi_cf.o [1]
  .text              ro code   0x800'292c    0x80  stm32f4xx_rcc.o [1]
  .text              ro code   0x800'29ac   0x112  stm32f4xx_gpio.o [1]
  .text              ro code   0x800'2ac0    0xd6  stm32f4xx_spi.o [1]
  .text              ro code   0x800'2b98    0x28  printf.o [2]
  .text              ro code   0x800'2bc0   0x378  socket.o [1]
  .text              ro code   0x800'2f38   0x124  system_stm32f4xx.o [1]
  .text              ro code   0x800'305c    0x54  main.o [1]
  .text              ro code   0x800'30b0    0x3a  server.o [1]
  .text              ro code   0x800'30ea    0x2c  copy_init3.o [4]
  .text              ro code   0x800'3118    0x28  data_init.o [4]
  .rodata            const     0x800'3140    0x24  spi_cf.o [1]
  .rodata            const     0x800'3164    0x24  spi_cf.o [1]
  .text              ro code   0x800'3188    0x22  fpinit_M.o [3]
  .text              ro code   0x800'31aa    0x22  iarwrite.o [5]
  .iar.init_table    const     0x800'31cc    0x14  - Linker created -
  .text              ro code   0x800'31e0    0x20  putchar.o [2]
  .text              ro code   0x800'3200    0x10  write.o [5]
  .text              ro code   0x800'3210    0x1e  dwrite.o [5]
  .text              ro code   0x800'322e    0x20  iarwstd.o [5]
  .text              ro code   0x800'3250    0x1e  cmain.o [4]
  .text              ro code   0x800'326e     0x4  low_level_init.o [2]
  .text              ro code   0x800'3272     0x4  exit.o [2]
  .text              ro code   0x800'3278     0xa  cexit.o [4]
  .rodata            const     0x800'3284    0x1c  spi_cf.o [1]
  .rodata            const     0x800'32a0    0x18  spi_cf.o [1]
  .text              ro code   0x800'32b8    0x16  xprout.o [2]
  .rodata            const     0x800'32d0    0x14  spi_cf.o [1]
  .rodata            const     0x800'32e4    0x14  spi_cf.o [1]
  .rodata            const     0x800'32f8    0x14  spi_cf.o [1]
  .text              ro code   0x800'330c    0x12  stm32f4xx_it.o [1]
  .rodata            const     0x800'3320    0x10  spi_cf.o [1]
  .text              ro code   0x800'3330    0x10  startup_stm32f4xx.o [1]
  .text              ro code   0x800'3340     0xc  cstartup_M.o [4]
  .rodata            const     0x800'334c     0x8  spi_cf.o [1]
  .rodata            const     0x800'3354     0x4  spi_cf.o [1]
  .rodata            const     0x800'3358     0x4  spi_cf.o [1]
  .rodata            const     0x800'335c     0x4  spi_cf.o [1]
  .rodata            const     0x800'3360     0x4  spi_cf.o [1]
  .text              ro code   0x800'3364     0x4  startup_stm32f4xx.o [1]
  .text              ro code   0x800'3368     0x4  startup_stm32f4xx.o [1]
  .text              ro code   0x800'336c     0x4  startup_stm32f4xx.o [1]
  .text              ro code   0x800'3370     0x4  startup_stm32f4xx.o [1]
  .text              ro code   0x800'3374     0x4  startup_stm32f4xx.o [1]
  .text              ro code   0x800'3378     0x4  startup_stm32f4xx.o [1]
  .text              ro code   0x800'337c     0x4  startup_stm32f4xx.o [1]
  .text              ro code   0x800'3380     0x4  startup_stm32f4xx.o [1]
  .text              ro code   0x800'3384     0x4  startup_stm32f4xx.o [1]
  .text              ro code   0x800'3388     0x4  startup_stm32f4xx.o [1]
  .text              ro code   0x800'338c     0x4  startup_stm32f4xx.o [1]
  .text              ro code   0x800'3390     0x4  startup_stm32f4xx.o [1]
  .text              ro code   0x800'3394     0x4  startup_stm32f4xx.o [1]
  .text              ro code   0x800'3398     0x4  startup_stm32f4xx.o [1]
  .text              ro code   0x800'339c     0x4  startup_stm32f4xx.o [1]
  .text              ro code   0x800'33a0     0x4  startup_stm32f4xx.o [1]
  .text              ro code   0x800'33a4     0x4  startup_stm32f4xx.o [1]
  .text              ro code   0x800'33a8     0x4  startup_stm32f4xx.o [1]
  .text              ro code   0x800'33ac     0x4  startup_stm32f4xx.o [1]
  .text              ro code   0x800'33b0     0x4  startup_stm32f4xx.o [1]
  .text              ro code   0x800'33b4     0x4  startup_stm32f4xx.o [1]
  .text              ro code   0x800'33b8     0x4  startup_stm32f4xx.o [1]
  .text              ro code   0x800'33bc     0x4  startup_stm32f4xx.o [1]
  .text              ro code   0x800'33c0     0x4  startup_stm32f4xx.o [1]
  .text              ro code   0x800'33c4     0x4  startup_stm32f4xx.o [1]
  .text              ro code   0x800'33c8     0x4  startup_stm32f4xx.o [1]
  .text              ro code   0x800'33cc     0x4  startup_stm32f4xx.o [1]
  .text              ro code   0x800'33d0     0x4  startup_stm32f4xx.o [1]
  .text              ro code   0x800'33d4     0x4  startup_stm32f4xx.o [1]
  .text              ro code   0x800'33d8     0x4  startup_stm32f4xx.o [1]
  .text              ro code   0x800'33dc     0x4  startup_stm32f4xx.o [1]
  .text              ro code   0x800'33e0     0x4  startup_stm32f4xx.o [1]
  .text              ro code   0x800'33e4     0x4  startup_stm32f4xx.o [1]
  .text              ro code   0x800'33e8     0x4  startup_stm32f4xx.o [1]
  .text              ro code   0x800'33ec     0x4  startup_stm32f4xx.o [1]
  .text              ro code   0x800'33f0     0x4  startup_stm32f4xx.o [1]
  .text              ro code   0x800'33f4     0x4  startup_stm32f4xx.o [1]
  .text              ro code   0x800'33f8     0x4  startup_stm32f4xx.o [1]
  .text              ro code   0x800'33fc     0x4  startup_stm32f4xx.o [1]
  .text              ro code   0x800'3400     0x4  startup_stm32f4xx.o [1]
  .text              ro code   0x800'3404     0x4  startup_stm32f4xx.o [1]
  .text              ro code   0x800'3408     0x4  startup_stm32f4xx.o [1]
  .text              ro code   0x800'340c     0x4  startup_stm32f4xx.o [1]
  .text              ro code   0x800'3410     0x4  startup_stm32f4xx.o [1]
  .text              ro code   0x800'3414     0x4  startup_stm32f4xx.o [1]
  .text              ro code   0x800'3418     0x4  startup_stm32f4xx.o [1]
  .text              ro code   0x800'341c     0x4  startup_stm32f4xx.o [1]
  .text              ro code   0x800'3420     0x4  startup_stm32f4xx.o [1]
  .text              ro code   0x800'3424     0x4  startup_stm32f4xx.o [1]
  .text              ro code   0x800'3428     0x4  startup_stm32f4xx.o [1]
  .text              ro code   0x800'342c     0x4  startup_stm32f4xx.o [1]
  .text              ro code   0x800'3430     0x4  startup_stm32f4xx.o [1]
  .text              ro code   0x800'3434     0x4  startup_stm32f4xx.o [1]
  .text              ro code   0x800'3438     0x4  startup_stm32f4xx.o [1]
  .text              ro code   0x800'343c     0x4  startup_stm32f4xx.o [1]
  .text              ro code   0x800'3440     0x4  startup_stm32f4xx.o [1]
  .text              ro code   0x800'3444     0x4  startup_stm32f4xx.o [1]
  .text              ro code   0x800'3448     0x4  startup_stm32f4xx.o [1]
  .text              ro code   0x800'344c     0x4  startup_stm32f4xx.o [1]
  .text              ro code   0x800'3450     0x4  startup_stm32f4xx.o [1]
  .text              ro code   0x800'3454     0x4  startup_stm32f4xx.o [1]
  .text              ro code   0x800'3458     0x4  startup_stm32f4xx.o [1]
  .text              ro code   0x800'345c     0x4  startup_stm32f4xx.o [1]
  .text              ro code   0x800'3460     0x4  startup_stm32f4xx.o [1]
  .text              ro code   0x800'3464     0x4  startup_stm32f4xx.o [1]
  .text              ro code   0x800'3468     0x4  startup_stm32f4xx.o [1]
  .text              ro code   0x800'346c     0x4  startup_stm32f4xx.o [1]
  .text              ro code   0x800'3470     0x4  startup_stm32f4xx.o [1]
  .text              ro code   0x800'3474     0x4  startup_stm32f4xx.o [1]
  .text              ro code   0x800'3478     0x4  startup_stm32f4xx.o [1]
  .text              ro code   0x800'347c     0x4  startup_stm32f4xx.o [1]
  .text              ro code   0x800'3480     0x4  startup_stm32f4xx.o [1]
  .text              ro code   0x800'3484     0x4  startup_stm32f4xx.o [1]
  .text              ro code   0x800'3488     0x4  startup_stm32f4xx.o [1]
  .text              ro code   0x800'348c     0x4  startup_stm32f4xx.o [1]
  .text              ro code   0x800'3490     0x4  startup_stm32f4xx.o [1]
  .text              ro code   0x800'3494     0x4  startup_stm32f4xx.o [1]
  .text              ro code   0x800'3498     0x4  startup_stm32f4xx.o [1]
  .text              ro code   0x800'349c     0x4  startup_stm32f4xx.o [1]
  .text              ro code   0x800'34a0     0x4  startup_stm32f4xx.o [1]
  .text              ro code   0x800'34a4     0x4  startup_stm32f4xx.o [1]
  .text              ro code   0x800'34a8     0x4  startup_stm32f4xx.o [1]
  .text              ro code   0x800'34ac     0x4  startup_stm32f4xx.o [1]
  .text              ro code   0x800'34b0     0x4  startup_stm32f4xx.o [1]
  .text              ro code   0x800'34b4     0x4  startup_stm32f4xx.o [1]
  .text              ro code   0x800'34b8     0x4  startup_stm32f4xx.o [1]
  .text              ro code   0x800'34bc     0x4  startup_stm32f4xx.o [1]
  .text              ro code   0x800'34c0     0x4  startup_stm32f4xx.o [1]
  .text              ro code   0x800'34c4     0x4  startup_stm32f4xx.o [1]
  .text              ro code   0x800'34c8     0x4  startup_stm32f4xx.o [1]
  .text              ro code   0x800'34cc     0x4  startup_stm32f4xx.o [1]
  .rodata            const     0x800'34d0     0x0  copy_init3.o [4]
  Initializer bytes  const     0x800'34d0    0x5c  <for P4 s0>
                             - 0x800'352c  0x33a4

"P3":                                      0x2000
  CSTACK                      0x1000'0000  0x2000  <Block>
    CSTACK           uninit   0x1000'0000  0x2000  <Block tail>
                            - 0x1000'2000  0x2000

"P4":                                        0x5c
  P4 s0                       0x2000'0000    0x5c  <Init block>
    .data            inited   0x2000'0000    0x28  wizchip_conf.o [1]
    .bss             inited   0x2000'0028    0x10  socket.o [1]
    .data            inited   0x2000'0038     0x8  XShttio.o [2]
    .bss             inited   0x2000'0040     0x8  socket.o [1]
    .bss             inited   0x2000'0048     0x4  wizchip_conf.o [1]
    .bss             inited   0x2000'004c     0x4  xfail_s.o [2]
    .data            inited   0x2000'0050     0x2  socket.o [1]
    .bss             inited   0x2000'0052     0x2  socket.o [1]
    .bss             inited   0x2000'0054     0x2  socket.o [1]
    .bss             inited   0x2000'0056     0x1  main.o [1]
    .bss             inited   0x2000'0057     0x1  wizchip_conf.o [1]
    .bss             inited   0x2000'0058     0x1  XShttio.o [2]
                            - 0x2000'005c    0x5c

Unused ranges:

         From           To      Size
         ----           --      ----
   0x800'352c   0x80f'ffff  0xf'cad4
  0x1000'2000  0x1000'ffff    0xe000
  0x2000'005c  0x2001'bfff  0x1'bfa4
  0x2001'c000  0x2001'ffff    0x4000


*******************************************************************************
*** INIT TABLE
***

          Address      Size
          -------      ----
Copy (__iar_copy_init3)
    1 source range, total size 0x5c (103% of destination):
           0x800'34d0  0x5c
    1 destination range, total size 0x59:
          0x2000'0000  0x59



*******************************************************************************
*** MODULE SUMMARY
***

    Module               ro code  ro data  rw data
    ------               -------  -------  -------
command line/config:
    ----------------------------------------------
    Total:

C:\Users\buidi\OneDrive\Desktop\Congty\PRJ3_3S\W5500-STM32-MQTT\W5500_MQTT_STM32\Debug\Obj: [1]
    main.o                    84        1        1
    server.o                  58
    socket.o                 888       30       30
    spi_cf.o                 896      224
    startup_stm32f4xx.o      772
    stm32f4xx_gpio.o         274
    stm32f4xx_it.o            18
    stm32f4xx_rcc.o          128
    stm32f4xx_spi.o          214
    system_stm32f4xx.o       292
    w5500.o                  480
    wizchip_conf.o         1 738       45       45
    ----------------------------------------------
    Total:                 5 842      300       76

dl7M_tln.a: [2]
    XShttio.o                 60        9        9
    abort.o                    6
    exit.o                     4
    low_level_init.o           4
    printf.o                  40
    putchar.o                 32
    xfail_s.o                 64        4        4
    xprintffull_nomb.o     3 570
    xprout.o                  22
    ----------------------------------------------
    Total:                 3 802       13       13

m7M_tls.a: [3]
    DblAdd.o                 362
    DblCmpGe.o                46
    DblCmpLe.o                46
    DblDiv.o                 582
    DblMul.o                 418
    DblSub.o                 226
    DblToS32.o                58
    DblToU32.o                40
    S32ToDbl.o                34
    U32ToDbl.o                26
    fpinit_M.o                34
    frexp.o                  112
    ldexp.o                  314
    ----------------------------------------------
    Total:                 2 298

rt7M_tl.a: [4]
    ABImemcpy.o              166
    I64DivMod.o              560
    I64DivZer.o                2
    cexit.o                   10
    cmain.o                   30
    copy_init3.o              44
    cstartup_M.o              12
    data_init.o               40
    memchr.o                  88
    strchr.o                  22
    strlen.o                  54
    ----------------------------------------------
    Total:                 1 028

shb_l.a: [5]
    dwrite.o                  30
    exit.o                    20
    iarttio.o                128
    iarwrite.o                34
    iarwstd.o                 32
    write.o                   16
    ----------------------------------------------
    Total:                   260

    Gaps                      40        6
    Linker created                     23    8 192
--------------------------------------------------
    Grand Total:          13 270      342    8 281


*******************************************************************************
*** ENTRY LIST
***

Entry                       Address   Size  Type      Object
-----                       -------   ----  ----      ------
.iar.init_table$$Base    0x800'31cc          --   Gb  - Linker created -
.iar.init_table$$Limit   0x800'31e0          --   Gb  - Linker created -
?main                    0x800'3251         Code  Gb  cmain.o [4]
BusFault_Handler         0x800'3313    0x2  Code  Gb  stm32f4xx_it.o [1]
CSTACK$$Base            0x1000'0000          --   Gb  - Linker created -
CSTACK$$Limit           0x1000'2000          --   Gb  - Linker created -
DebugMon_Handler         0x800'3319    0x2  Code  Gb  stm32f4xx_it.o [1]
GPIO_Init                0x800'29ad   0xa8  Code  Gb  stm32f4xx_gpio.o [1]
GPIO_PinAFConfig         0x800'2a6b   0x54  Code  Gb  stm32f4xx_gpio.o [1]
GPIO_ResetBits           0x800'2a59    0x4  Code  Gb  stm32f4xx_gpio.o [1]
GPIO_SetBits             0x800'2a55    0x4  Code  Gb  stm32f4xx_gpio.o [1]
GPIO_WriteBit            0x800'2a5d    0xe  Code  Gb  stm32f4xx_gpio.o [1]
HardFault_Handler        0x800'330f    0x2  Code  Gb  stm32f4xx_it.o [1]
LoadInt                  0x800'0337   0x7a  Code  Lc  xprintffull_nomb.o [2]
MemManage_Handler        0x800'3311    0x2  Code  Gb  stm32f4xx_it.o [1]
NMI_Handler              0x800'330d    0x2  Code  Gb  stm32f4xx_it.o [1]
PendSV_Handler           0x800'331b    0x2  Code  Gb  stm32f4xx_it.o [1]
RCC_AHB1PeriphClockCmd   0x800'292d   0x1c  Code  Gb  stm32f4xx_rcc.o [1]
RCC_APB1PeriphResetCmd   0x800'2965   0x1c  Code  Gb  stm32f4xx_rcc.o [1]
RCC_APB2PeriphClockCmd   0x800'2949   0x1c  Code  Gb  stm32f4xx_rcc.o [1]
RCC_APB2PeriphResetCmd   0x800'2981   0x1c  Code  Gb  stm32f4xx_rcc.o [1]
Region$$Table$$Base      0x800'31cc          --   Gb  - Linker created -
Region$$Table$$Limit     0x800'31e0          --   Gb  - Linker created -
SPI_Cmd                  0x800'2b61   0x1c  Code  Gb  stm32f4xx_spi.o [1]
SPI_I2S_DeInit           0x800'2ac1   0x56  Code  Gb  stm32f4xx_spi.o [1]
SPI_I2S_GetFlagStatus    0x800'2b85   0x12  Code  Gb  stm32f4xx_spi.o [1]
SPI_I2S_ReceiveData      0x800'2b7d    0x4  Code  Gb  stm32f4xx_spi.o [1]
SPI_I2S_SendData         0x800'2b81    0x4  Code  Gb  stm32f4xx_spi.o [1]
SPI_Init                 0x800'2b17   0x3e  Code  Gb  stm32f4xx_spi.o [1]
SVC_Handler              0x800'3317    0x2  Code  Gb  stm32f4xx_it.o [1]
SetSysClock              0x800'2f7f   0xaa  Code  Lc  system_stm32f4xx.o [1]
SysTick_Handler          0x800'331d    0x2  Code  Gb  stm32f4xx_it.o [1]
SystemInit               0x800'2f39   0x46  Code  Gb  system_stm32f4xx.o [1]
UsageFault_Handler       0x800'3315    0x2  Code  Gb  stm32f4xx_it.o [1]
W5500_CS_Deselect        0x800'26d1    0xc  Code  Lc  spi_cf.o [1]
W5500_CS_Select          0x800'26c5    0xc  Code  Lc  spi_cf.o [1]
W5500_Init               0x800'2883   0x34  Code  Gb  spi_cf.o [1]
W5500_Mem_Init           0x800'28b7   0x26  Code  Lc  spi_cf.o [1]
W5500_Network_Init       0x800'273d  0x146  Code  Lc  spi_cf.o [1]
W5500_ReadByte           0x800'270f   0x2e  Code  Lc  spi_cf.o [1]
W5500_SPI_Init           0x800'25ad  0x118  Code  Lc  spi_cf.o [1]
W5500_WriteByte          0x800'26dd   0x32  Code  Lc  spi_cf.o [1]
WIZCHIP                 0x2000'0000   0x28  Data  Gb  wizchip_conf.o [1]
WIZCHIP_READ             0x800'23cd   0x68  Code  Gb  w5500.o [1]
WIZCHIP_READ_BUF         0x800'249f   0x86  Code  Gb  w5500.o [1]
WIZCHIP_WRITE            0x800'2435   0x6a  Code  Gb  w5500.o [1]
WIZCHIP_WRITE_BUF        0x800'2525   0x84  Code  Gb  w5500.o [1]
_DHCP_                  0x2000'0057    0x1  Data  Lc  wizchip_conf.o [1]
_DNS_                   0x2000'0048    0x4  Data  Lc  wizchip_conf.o [1]
_GenldFullNoMb           0x800'0c79  0x274  Code  Lc  xprintffull_nomb.o [2]
_LdtobFullNoMb           0x800'0875  0x3d6  Code  Lc  xprintffull_nomb.o [2]
_LitobFullNoMb           0x800'0725  0x10a  Code  Lc  xprintffull_nomb.o [2]
_PrintfFullNoMb          0x800'0189  0x19e  Code  Gb  xprintffull_nomb.o [2]
_Prout                   0x800'32b9   0x16  Code  Gb  xprout.o [2]
_PutcharsFullNoMb        0x800'0eed   0x2e  Code  Lc  xprintffull_nomb.o [2]
_PutfldFullNoMb          0x800'03b1  0x268  Code  Lc  xprintffull_nomb.o [2]
_PuttxtFullNoMb          0x800'0619  0x10c  Code  Lc  xprintffull_nomb.o [2]
__aeabi_cdcmple          0x800'1551         Code  Gb  DblCmpLe.o [3]
__aeabi_cdrcmple         0x800'1581         Code  Gb  DblCmpGe.o [3]
__aeabi_d2iz             0x800'16ed         Code  Gb  DblToS32.o [3]
__aeabi_d2uiz            0x800'1a79         Code  Gb  DblToU32.o [3]
__aeabi_ddiv             0x800'1831         Code  Gb  DblDiv.o [3]
__aeabi_dmul             0x800'1295         Code  Gb  DblMul.o [3]
__aeabi_dsub             0x800'174d         Code  Gb  DblSub.o [3]
__aeabi_i2d              0x800'1729         Code  Gb  S32ToDbl.o [3]
__aeabi_ldiv0            0x800'1ac1         Code  Gb  I64DivZer.o [4]
__aeabi_memcpy           0x800'1439         Code  Gb  ABImemcpy.o [4]
__aeabi_memcpy4          0x800'1459         Code  Gb  ABImemcpy.o [4]
__aeabi_memcpy8          0x800'1459         Code  Gb  ABImemcpy.o [4]
__aeabi_ui2d             0x800'1aa1         Code  Gb  U32ToDbl.o [3]
__aeabi_uldivmod         0x800'1065         Code  Gb  I64DivMod.o [4]
__cmain                  0x800'3251         Code  Gb  cmain.o [4]
__dwrite                 0x800'3211   0x1e  Code  Gb  dwrite.o [5]
__exit                   0x800'1c31   0x14  Code  Gb  exit.o [5]
__iar_Fail_s             0x800'0f95   0x1c  Code  Gb  xfail_s.o [2]
__iar_Memchr             0x800'100d         Code  Gb  memchr.o [4]
__iar_Strchr             0x800'0f7d         Code  Gb  strchr.o [4]
__iar_close_ttio         0x800'1c45   0x2e  Code  Gb  iarttio.o [5]
__iar_copy_init3         0x800'30eb   0x2c  Code  Gb  copy_init3.o [4]
__iar_dadd               0x800'175d         Code  Gb  DblSub.o [3]
__iar_data_init3         0x800'3119   0x28  Code  Gb  data_init.o [4]
__iar_dsub               0x800'1ac5         Code  Gb  DblAdd.o [3]
__iar_dsubStart          0x800'1ad7         Code  Gb  DblAdd.o [3]
__iar_frexp              0x800'14ed         Code  Gb  frexp.o [3]
__iar_frexpl             0x800'14ed         Code  Gb  frexp.o [3]
__iar_get_ttio           0x800'1c75   0x4c  Code  Gb  iarttio.o [5]
__iar_init_vfp           0x800'3189         Code  Gb  fpinit_M.o [3]
__iar_ldexp64            0x800'15b1         Code  Gb  ldexp.o [3]
__iar_lookup_ttioh       0x800'1cf3    0x4  Code  Gb  XShttio.o [2]
__iar_program_start      0x800'3341         Code  Gb  cstartup_M.o [4]
__iar_scalbln64          0x800'15b1         Code  Gb  ldexp.o [3]
__iar_scalbn64           0x800'15b1         Code  Gb  ldexp.o [3]
__iar_sh_stdout          0x800'322f   0x20  Code  Gb  iarwstd.o [5]
__iar_sh_write           0x800'31ab   0x22  Code  Gb  iarwrite.o [5]
__iar_softfp___iar_frexp64
                         0x800'14e1         Code  Gb  frexp.o [3]
__iar_softfp_frexp       0x800'14e1         Code  Gb  frexp.o [3]
__iar_softfp_frexpl      0x800'14e1         Code  Gb  frexp.o [3]
__iar_ttio_guard_lock    0x800'1cc5   0x1e  Code  Gb  XShttio.o [2]
__iar_ttio_guard_unlock
                         0x800'1ce3   0x10  Code  Gb  XShttio.o [2]
__iar_ttio_handles      0x2000'0038    0x8  Data  Lc  XShttio.o [2]
__low_level_init         0x800'326f    0x4  Code  Gb  low_level_init.o [2]
__vector_table           0x800'0000         Data  Gb  startup_stm32f4xx.o [1]
__write                  0x800'3201   0x10  Code  Gb  write.o [5]
_call_main               0x800'325d         Code  Gb  cmain.o [4]
_exit                    0x800'3279         Code  Gb  cexit.o [4]
_main                    0x800'326b         Code  Gb  cmain.o [4]
abort                    0x800'1abb    0x6  Code  Gb  abort.o [2]
close                    0x800'2d49   0x9a  Code  Gb  socket.o [1]
ctlnetwork               0x800'1ec9   0x54  Code  Gb  wizchip_conf.o [1]
ctlwizchip               0x800'1d91  0x138  Code  Gb  wizchip_conf.o [1]
disconnect               0x800'2e77   0xae  Code  Gb  socket.o [1]
exit                     0x800'3273    0x4  Code  Gb  exit.o [2]
ldexp                    0x800'15b1         Code  Gb  ldexp.o [3]
ldexpl                   0x800'15b1         Code  Gb  ldexp.o [3]
listen                   0x800'2de3   0x94  Code  Gb  socket.o [1]
main                     0x800'305d   0x50  Code  Gb  main.o [1]
memchr                   0x800'100d         Code  Gb  memchr.o [4]
printf                   0x800'2b99   0x28  Code  Gb  printf.o [2]
putchar                  0x800'31e1   0x20  Code  Gb  putchar.o [2]
reg_wizchip_cris_cbfunc
                         0x800'1d17   0x28  Code  Gb  wizchip_conf.o [1]
reg_wizchip_cs_cbfunc    0x800'1d3f   0x28  Code  Gb  wizchip_conf.o [1]
reg_wizchip_spi_cbfunc   0x800'1d67   0x2a  Code  Gb  wizchip_conf.o [1]
scalbln                  0x800'15b1         Code  Gb  ldexp.o [3]
scalblnl                 0x800'15b1         Code  Gb  ldexp.o [3]
scalbn                   0x800'15b1         Code  Gb  ldexp.o [3]
scalbnl                  0x800'15b1         Code  Gb  ldexp.o [3]
scale                    0x800'082f   0x46  Code  Lc  xprintffull_nomb.o [2]
sec_hand                0x2000'004c    0x4  Data  Lc  xfail_s.o [2]
server_init              0x800'30b1   0x3a  Code  Gb  server.o [1]
sock_any_port           0x2000'0050    0x2  Data  Lc  socket.o [1]
sock_io_mode            0x2000'0052    0x2  Data  Lc  socket.o [1]
sock_is_sending         0x2000'0054    0x2  Data  Lc  socket.o [1]
sock_pack_info          0x2000'0040    0x8  Data  Gb  socket.o [1]
sock_remained_size      0x2000'0028   0x10  Data  Lc  socket.o [1]
socket                   0x800'2bc1  0x188  Code  Gb  socket.o [1]
socket_sn               0x2000'0056    0x1  Data  Gb  main.o [1]
strchr                   0x800'0f7d         Code  Gb  strchr.o [4]
strlen                   0x800'0fd5         Code  Gb  strlen.o [4]
ttio_guard              0x2000'0058    0x1  Data  Lc  XShttio.o [2]
wizchip_bus_readdata     0x800'1d09    0x4  Code  Gb  wizchip_conf.o [1]
wizchip_bus_writedata    0x800'1d0d    0x4  Code  Gb  wizchip_conf.o [1]
wizchip_clrinterrupt     0x800'2043   0x24  Code  Gb  wizchip_conf.o [1]
wizchip_cris_enter       0x800'1d01    0x2  Code  Gb  wizchip_conf.o [1]
wizchip_cris_exit        0x800'1d03    0x2  Code  Gb  wizchip_conf.o [1]
wizchip_cs_deselect      0x800'1d07    0x2  Code  Gb  wizchip_conf.o [1]
wizchip_cs_select        0x800'1d05    0x2  Code  Gb  wizchip_conf.o [1]
wizchip_getinterrupt     0x800'2067   0x2c  Code  Gb  wizchip_conf.o [1]
wizchip_getinterruptmask
                         0x800'20b5   0x28  Code  Gb  wizchip_conf.o [1]
wizchip_getnetinfo       0x800'22c9   0x52  Code  Gb  wizchip_conf.o [1]
wizchip_getnetmode       0x800'2369    0xa  Code  Gb  wizchip_conf.o [1]
wizchip_gettimeout       0x800'239f   0x2c  Code  Gb  wizchip_conf.o [1]
wizchip_init             0x800'1f93   0xb0  Code  Gb  wizchip_conf.o [1]
wizchip_setinterruptmask
                         0x800'2093   0x22  Code  Gb  wizchip_conf.o [1]
wizchip_setnetinfo       0x800'2277   0x52  Code  Gb  wizchip_conf.o [1]
wizchip_setnetmode       0x800'2341   0x28  Code  Gb  wizchip_conf.o [1]
wizchip_settimeout       0x800'2373   0x2c  Code  Gb  wizchip_conf.o [1]
wizchip_spi_readbyte     0x800'1d11    0x4  Code  Gb  wizchip_conf.o [1]
wizchip_spi_writebyte    0x800'1d15    0x2  Code  Gb  wizchip_conf.o [1]
wizchip_sw_reset         0x800'1f1d   0x76  Code  Gb  wizchip_conf.o [1]
wizphy_getphyconf        0x800'219b   0x76  Code  Gb  wizchip_conf.o [1]
wizphy_getphylink        0x800'20dd   0x18  Code  Gb  wizchip_conf.o [1]
wizphy_getphypmode       0x800'20f5   0x1e  Code  Gb  wizchip_conf.o [1]
wizphy_reset             0x800'2113   0x34  Code  Gb  wizchip_conf.o [1]
wizphy_setphyconf        0x800'2147   0x54  Code  Gb  wizchip_conf.o [1]
wizphy_setphypmode       0x800'2211   0x66  Code  Gb  wizchip_conf.o [1]


[1] = C:\Users\buidi\OneDrive\Desktop\Congty\PRJ3_3S\W5500-STM32-MQTT\W5500_MQTT_STM32\Debug\Obj
[2] = dl7M_tln.a
[3] = m7M_tls.a
[4] = rt7M_tl.a
[5] = shb_l.a

  13 270 bytes of readonly  code memory
     342 bytes of readonly  data memory
   8 281 bytes of readwrite data memory

Errors: none
Warnings: none
