###############################################################################
#
# IAR ELF Linker V8.32.1.169/W32 for ARM                  18/Mar/2019  15:06:19
# Copyright 2007-2018 IAR Systems AB.
#
#    Output file  =  
#        C:\Users\buidi\OneDrive\Desktop\Congty\PRJ3_3S\W5500-STM32-MQTT\W5500_MQTT_STM32\Debug\Exe\Ethernet.out
#    Map file     =  
#        C:\Users\buidi\OneDrive\Desktop\Congty\PRJ3_3S\W5500-STM32-MQTT\W5500_MQTT_STM32\Debug\List\Ethernet.map
#    Command line =  
#        -f C:\Users\buidi\AppData\Local\Temp\EW33D4.tmp
#        (C:\Users\buidi\OneDrive\Desktop\Congty\PRJ3_3S\W5500-STM32-MQTT\W5500_MQTT_STM32\Debug\Obj\client.o
#        C:\Users\buidi\OneDrive\Desktop\Congty\PRJ3_3S\W5500-STM32-MQTT\W5500_MQTT_STM32\Debug\Obj\dhcp.o
#        C:\Users\buidi\OneDrive\Desktop\Congty\PRJ3_3S\W5500-STM32-MQTT\W5500_MQTT_STM32\Debug\Obj\flash_f4.o
#        C:\Users\buidi\OneDrive\Desktop\Congty\PRJ3_3S\W5500-STM32-MQTT\W5500_MQTT_STM32\Debug\Obj\led_cf.o
#        C:\Users\buidi\OneDrive\Desktop\Congty\PRJ3_3S\W5500-STM32-MQTT\W5500_MQTT_STM32\Debug\Obj\loopback.o
#        C:\Users\buidi\OneDrive\Desktop\Congty\PRJ3_3S\W5500-STM32-MQTT\W5500_MQTT_STM32\Debug\Obj\main.o
#        C:\Users\buidi\OneDrive\Desktop\Congty\PRJ3_3S\W5500-STM32-MQTT\W5500_MQTT_STM32\Debug\Obj\misc.o
#        C:\Users\buidi\OneDrive\Desktop\Congty\PRJ3_3S\W5500-STM32-MQTT\W5500_MQTT_STM32\Debug\Obj\server.o
#        C:\Users\buidi\OneDrive\Desktop\Congty\PRJ3_3S\W5500-STM32-MQTT\W5500_MQTT_STM32\Debug\Obj\socket.o
#        C:\Users\buidi\OneDrive\Desktop\Congty\PRJ3_3S\W5500-STM32-MQTT\W5500_MQTT_STM32\Debug\Obj\spi_cf.o
#        C:\Users\buidi\OneDrive\Desktop\Congty\PRJ3_3S\W5500-STM32-MQTT\W5500_MQTT_STM32\Debug\Obj\startup_stm32f4xx.o
#        C:\Users\buidi\OneDrive\Desktop\Congty\PRJ3_3S\W5500-STM32-MQTT\W5500_MQTT_STM32\Debug\Obj\stm32f4xx_exti.o
#        C:\Users\buidi\OneDrive\Desktop\Congty\PRJ3_3S\W5500-STM32-MQTT\W5500_MQTT_STM32\Debug\Obj\stm32f4xx_flash.o
#        C:\Users\buidi\OneDrive\Desktop\Congty\PRJ3_3S\W5500-STM32-MQTT\W5500_MQTT_STM32\Debug\Obj\stm32f4xx_gpio.o
#        C:\Users\buidi\OneDrive\Desktop\Congty\PRJ3_3S\W5500-STM32-MQTT\W5500_MQTT_STM32\Debug\Obj\stm32f4xx_it.o
#        C:\Users\buidi\OneDrive\Desktop\Congty\PRJ3_3S\W5500-STM32-MQTT\W5500_MQTT_STM32\Debug\Obj\stm32f4xx_rcc.o
#        C:\Users\buidi\OneDrive\Desktop\Congty\PRJ3_3S\W5500-STM32-MQTT\W5500_MQTT_STM32\Debug\Obj\stm32f4xx_spi.o
#        C:\Users\buidi\OneDrive\Desktop\Congty\PRJ3_3S\W5500-STM32-MQTT\W5500_MQTT_STM32\Debug\Obj\stm32f4xx_syscfg.o
#        C:\Users\buidi\OneDrive\Desktop\Congty\PRJ3_3S\W5500-STM32-MQTT\W5500_MQTT_STM32\Debug\Obj\stm32f4xx_tim.o
#        C:\Users\buidi\OneDrive\Desktop\Congty\PRJ3_3S\W5500-STM32-MQTT\W5500_MQTT_STM32\Debug\Obj\stm32f4xx_usart.o
#        C:\Users\buidi\OneDrive\Desktop\Congty\PRJ3_3S\W5500-STM32-MQTT\W5500_MQTT_STM32\Debug\Obj\system_stm32f4xx.o
#        C:\Users\buidi\OneDrive\Desktop\Congty\PRJ3_3S\W5500-STM32-MQTT\W5500_MQTT_STM32\Debug\Obj\w5500.o
#        C:\Users\buidi\OneDrive\Desktop\Congty\PRJ3_3S\W5500-STM32-MQTT\W5500_MQTT_STM32\Debug\Obj\wizchip_conf.o
#        --no_out_extension -o
#        C:\Users\buidi\OneDrive\Desktop\Congty\PRJ3_3S\W5500-STM32-MQTT\W5500_MQTT_STM32\Debug\Exe\Ethernet.out
#        --redirect _Printf=_PrintfFullNoMb --redirect _Scanf=_ScanfFullNoMb
#        --map
#        C:\Users\buidi\OneDrive\Desktop\Congty\PRJ3_3S\W5500-STM32-MQTT\W5500_MQTT_STM32\Debug\List\Ethernet.map
#        --config
#        C:\Users\buidi\OneDrive\Desktop\Congty\PRJ3_3S\W5500-STM32-MQTT\W5500_MQTT_STM32\Ethernet.icf
#        --semihosting --entry __iar_program_start --vfe --text_out locale)
#
###############################################################################

*******************************************************************************
*** RUNTIME MODEL ATTRIBUTES
***

CppFlavor       = *
__SystemLibrary = DLib
__dlib_version  = 6


*******************************************************************************
*** HEAP SELECTION
***

The basic heap was selected because no calls to memory allocation
functions were found in the application outside of system library
functions, and there are calls to deallocation functions in the
application.


*******************************************************************************
*** PLACEMENT SUMMARY
***

"A0":  place at 0x800'0000 { ro section .intvec };
"P1":  place in [from 0x800'0000 to 0x80f'ffff] { ro };
define block CSTACK with size = 8K, alignment = 8 { };
"P3":  place in [from 0x1000'0000 to 0x1000'ffff] {
          block CSTACK, section .ccram };
define block HEAP with size = 8K, alignment = 8 { };
"P4":  place in [from 0x2000'0000 to 0x2001'bfff] |
                [from 0x2001'c000 to 0x2001'ffff] { rw, block HEAP };
initialize by copy { rw };

No sections matched the following patterns:

  ro section application_specific_ro  in "P2"
  section .backup_sram                in "P5"
  section .ccram                      in "P3"


  Section            Kind         Address    Size  Object
  -------            ----         -------    ----  ------
"A0":                                       0x188
  .intvec            ro code   0x800'0000   0x188  startup_stm32f4xx.o [1]
                             - 0x800'0188   0x188

"P1":                                      0x3ba0
  .text              ro code   0x800'0188   0xdf2  xprintffull_nomb.o [2]
  .text              ro code   0x800'0f7c    0x16  strchr.o [4]
  .text              ro code   0x800'0f94    0x40  xfail_s.o [2]
  .text              ro code   0x800'0fd4    0x36  strlen.o [4]
  .text              ro code   0x800'100c    0x58  memchr.o [4]
  .text              ro code   0x800'1064   0x230  I64DivMod.o [4]
  .text              ro code   0x800'1294   0x1a2  DblMul.o [3]
  .text              ro code   0x800'1438    0xa6  ABImemcpy.o [4]
  .text              ro code   0x800'14e0    0x70  frexp.o [3]
  .text              ro code   0x800'1550    0x2e  DblCmpLe.o [3]
  .text              ro code   0x800'1580    0x2e  DblCmpGe.o [3]
  .text              ro code   0x800'15b0   0x13a  ldexp.o [3]
  .text              ro code   0x800'16ec    0x3a  DblToS32.o [3]
  .text              ro code   0x800'1728    0x22  S32ToDbl.o [3]
  .text              ro code   0x800'174c    0xe2  DblSub.o [3]
  .text              ro code   0x800'1830   0x246  DblDiv.o [3]
  .text              ro code   0x800'1a78    0x28  DblToU32.o [3]
  .text              ro code   0x800'1aa0    0x1a  U32ToDbl.o [3]
  .text              ro code   0x800'1aba     0x6  abort.o [2]
  .text              ro code   0x800'1ac0     0x2  I64DivZer.o [4]
  .text              ro code   0x800'1ac4   0x16a  DblAdd.o [3]
  .text              ro code   0x800'1c30    0x14  exit.o [5]
  .text              ro code   0x800'1c44    0x80  iarttio.o [5]
  .text              ro code   0x800'1cc4    0x3c  XShttio.o [2]
  .text              ro code   0x800'1d00   0x6ca  wizchip_conf.o [1]
  .text              ro code   0x800'23cc   0x410  w5500.o [1]
  .text              ro code   0x800'27dc   0x650  socket.o [1]
  .text              ro code   0x800'2e2c   0x380  spi_cf.o [1]
  .text              ro code   0x800'31ac    0x80  stm32f4xx_rcc.o [1]
  .text              ro code   0x800'322c   0x112  stm32f4xx_gpio.o [1]
  .text              ro code   0x800'3340    0xd6  stm32f4xx_spi.o [1]
  .text              ro code   0x800'3418    0x28  printf.o [2]
  .text              ro code   0x800'3440   0x17c  main.o [1]
  .text              ro code   0x800'35bc     0x6  ABImemclr4.o [4]
  .text              ro code   0x800'35c2    0x3a  server.o [1]
  .text              ro code   0x800'35fc    0x30  flash_f4.o [1]
  .text              ro code   0x800'362c   0x150  stm32f4xx_flash.o [1]
  .text              ro code   0x800'377c    0x32  ABImemset48.o [4]
  .text              ro code   0x800'37b0   0x124  system_stm32f4xx.o [1]
  .text              ro code   0x800'38d4    0x2c  copy_init3.o [4]
  .text              ro code   0x800'3900    0x28  data_init.o [4]
  .rodata            const     0x800'3928    0x24  spi_cf.o [1]
  .rodata            const     0x800'394c    0x24  spi_cf.o [1]
  .text              ro code   0x800'3970    0x22  fpinit_M.o [3]
  .text              ro code   0x800'3992    0x22  iarwrite.o [5]
  .iar.init_table    const     0x800'39b4    0x14  - Linker created -
  .text              ro code   0x800'39c8    0x20  putchar.o [2]
  .text              ro code   0x800'39e8    0x10  write.o [5]
  .text              ro code   0x800'39f8    0x1e  dwrite.o [5]
  .text              ro code   0x800'3a16    0x20  iarwstd.o [5]
  .text              ro code   0x800'3a38    0x1e  cmain.o [4]
  .text              ro code   0x800'3a56     0x4  low_level_init.o [2]
  .text              ro code   0x800'3a5a     0x4  exit.o [2]
  .text              ro code   0x800'3a60     0xa  cexit.o [4]
  .rodata            const     0x800'3a6c    0x1c  spi_cf.o [1]
  .rodata            const     0x800'3a88    0x18  spi_cf.o [1]
  .text              ro code   0x800'3aa0    0x16  xprout.o [2]
  .rodata            const     0x800'3ab8    0x14  spi_cf.o [1]
  .rodata            const     0x800'3acc    0x14  spi_cf.o [1]
  .rodata            const     0x800'3ae0    0x14  spi_cf.o [1]
  .text              ro code   0x800'3af4    0x12  stm32f4xx_it.o [1]
  .rodata            const     0x800'3b08    0x10  spi_cf.o [1]
  .text              ro code   0x800'3b18    0x10  startup_stm32f4xx.o [1]
  .text              ro code   0x800'3b28     0xc  cstartup_M.o [4]
  .rodata            const     0x800'3b34     0x8  main.o [1]
  .rodata            const     0x800'3b3c     0x8  spi_cf.o [1]
  .rodata            const     0x800'3b44     0x4  main.o [1]
  .rodata            const     0x800'3b48     0x4  spi_cf.o [1]
  .rodata            const     0x800'3b4c     0x4  spi_cf.o [1]
  .rodata            const     0x800'3b50     0x4  spi_cf.o [1]
  .rodata            const     0x800'3b54     0x4  spi_cf.o [1]
  .text              ro code   0x800'3b58     0x4  startup_stm32f4xx.o [1]
  .text              ro code   0x800'3b5c     0x4  startup_stm32f4xx.o [1]
  .text              ro code   0x800'3b60     0x4  startup_stm32f4xx.o [1]
  .text              ro code   0x800'3b64     0x4  startup_stm32f4xx.o [1]
  .text              ro code   0x800'3b68     0x4  startup_stm32f4xx.o [1]
  .text              ro code   0x800'3b6c     0x4  startup_stm32f4xx.o [1]
  .text              ro code   0x800'3b70     0x4  startup_stm32f4xx.o [1]
  .text              ro code   0x800'3b74     0x4  startup_stm32f4xx.o [1]
  .text              ro code   0x800'3b78     0x4  startup_stm32f4xx.o [1]
  .text              ro code   0x800'3b7c     0x4  startup_stm32f4xx.o [1]
  .text              ro code   0x800'3b80     0x4  startup_stm32f4xx.o [1]
  .text              ro code   0x800'3b84     0x4  startup_stm32f4xx.o [1]
  .text              ro code   0x800'3b88     0x4  startup_stm32f4xx.o [1]
  .text              ro code   0x800'3b8c     0x4  startup_stm32f4xx.o [1]
  .text              ro code   0x800'3b90     0x4  startup_stm32f4xx.o [1]
  .text              ro code   0x800'3b94     0x4  startup_stm32f4xx.o [1]
  .text              ro code   0x800'3b98     0x4  startup_stm32f4xx.o [1]
  .text              ro code   0x800'3b9c     0x4  startup_stm32f4xx.o [1]
  .text              ro code   0x800'3ba0     0x4  startup_stm32f4xx.o [1]
  .text              ro code   0x800'3ba4     0x4  startup_stm32f4xx.o [1]
  .text              ro code   0x800'3ba8     0x4  startup_stm32f4xx.o [1]
  .text              ro code   0x800'3bac     0x4  startup_stm32f4xx.o [1]
  .text              ro code   0x800'3bb0     0x4  startup_stm32f4xx.o [1]
  .text              ro code   0x800'3bb4     0x4  startup_stm32f4xx.o [1]
  .text              ro code   0x800'3bb8     0x4  startup_stm32f4xx.o [1]
  .text              ro code   0x800'3bbc     0x4  startup_stm32f4xx.o [1]
  .text              ro code   0x800'3bc0     0x4  startup_stm32f4xx.o [1]
  .text              ro code   0x800'3bc4     0x4  startup_stm32f4xx.o [1]
  .text              ro code   0x800'3bc8     0x4  startup_stm32f4xx.o [1]
  .text              ro code   0x800'3bcc     0x4  startup_stm32f4xx.o [1]
  .text              ro code   0x800'3bd0     0x4  startup_stm32f4xx.o [1]
  .text              ro code   0x800'3bd4     0x4  startup_stm32f4xx.o [1]
  .text              ro code   0x800'3bd8     0x4  startup_stm32f4xx.o [1]
  .text              ro code   0x800'3bdc     0x4  startup_stm32f4xx.o [1]
  .text              ro code   0x800'3be0     0x4  startup_stm32f4xx.o [1]
  .text              ro code   0x800'3be4     0x4  startup_stm32f4xx.o [1]
  .text              ro code   0x800'3be8     0x4  startup_stm32f4xx.o [1]
  .text              ro code   0x800'3bec     0x4  startup_stm32f4xx.o [1]
  .text              ro code   0x800'3bf0     0x4  startup_stm32f4xx.o [1]
  .text              ro code   0x800'3bf4     0x4  startup_stm32f4xx.o [1]
  .text              ro code   0x800'3bf8     0x4  startup_stm32f4xx.o [1]
  .text              ro code   0x800'3bfc     0x4  startup_stm32f4xx.o [1]
  .text              ro code   0x800'3c00     0x4  startup_stm32f4xx.o [1]
  .text              ro code   0x800'3c04     0x4  startup_stm32f4xx.o [1]
  .text              ro code   0x800'3c08     0x4  startup_stm32f4xx.o [1]
  .text              ro code   0x800'3c0c     0x4  startup_stm32f4xx.o [1]
  .text              ro code   0x800'3c10     0x4  startup_stm32f4xx.o [1]
  .text              ro code   0x800'3c14     0x4  startup_stm32f4xx.o [1]
  .text              ro code   0x800'3c18     0x4  startup_stm32f4xx.o [1]
  .text              ro code   0x800'3c1c     0x4  startup_stm32f4xx.o [1]
  .text              ro code   0x800'3c20     0x4  startup_stm32f4xx.o [1]
  .text              ro code   0x800'3c24     0x4  startup_stm32f4xx.o [1]
  .text              ro code   0x800'3c28     0x4  startup_stm32f4xx.o [1]
  .text              ro code   0x800'3c2c     0x4  startup_stm32f4xx.o [1]
  .text              ro code   0x800'3c30     0x4  startup_stm32f4xx.o [1]
  .text              ro code   0x800'3c34     0x4  startup_stm32f4xx.o [1]
  .text              ro code   0x800'3c38     0x4  startup_stm32f4xx.o [1]
  .text              ro code   0x800'3c3c     0x4  startup_stm32f4xx.o [1]
  .text              ro code   0x800'3c40     0x4  startup_stm32f4xx.o [1]
  .text              ro code   0x800'3c44     0x4  startup_stm32f4xx.o [1]
  .text              ro code   0x800'3c48     0x4  startup_stm32f4xx.o [1]
  .text              ro code   0x800'3c4c     0x4  startup_stm32f4xx.o [1]
  .text              ro code   0x800'3c50     0x4  startup_stm32f4xx.o [1]
  .text              ro code   0x800'3c54     0x4  startup_stm32f4xx.o [1]
  .text              ro code   0x800'3c58     0x4  startup_stm32f4xx.o [1]
  .text              ro code   0x800'3c5c     0x4  startup_stm32f4xx.o [1]
  .text              ro code   0x800'3c60     0x4  startup_stm32f4xx.o [1]
  .text              ro code   0x800'3c64     0x4  startup_stm32f4xx.o [1]
  .text              ro code   0x800'3c68     0x4  startup_stm32f4xx.o [1]
  .text              ro code   0x800'3c6c     0x4  startup_stm32f4xx.o [1]
  .text              ro code   0x800'3c70     0x4  startup_stm32f4xx.o [1]
  .text              ro code   0x800'3c74     0x4  startup_stm32f4xx.o [1]
  .text              ro code   0x800'3c78     0x4  startup_stm32f4xx.o [1]
  .text              ro code   0x800'3c7c     0x4  startup_stm32f4xx.o [1]
  .text              ro code   0x800'3c80     0x4  startup_stm32f4xx.o [1]
  .text              ro code   0x800'3c84     0x4  startup_stm32f4xx.o [1]
  .text              ro code   0x800'3c88     0x4  startup_stm32f4xx.o [1]
  .text              ro code   0x800'3c8c     0x4  startup_stm32f4xx.o [1]
  .text              ro code   0x800'3c90     0x4  startup_stm32f4xx.o [1]
  .text              ro code   0x800'3c94     0x4  startup_stm32f4xx.o [1]
  .text              ro code   0x800'3c98     0x4  startup_stm32f4xx.o [1]
  .text              ro code   0x800'3c9c     0x4  startup_stm32f4xx.o [1]
  .text              ro code   0x800'3ca0     0x4  startup_stm32f4xx.o [1]
  .text              ro code   0x800'3ca4     0x4  startup_stm32f4xx.o [1]
  .text              ro code   0x800'3ca8     0x4  startup_stm32f4xx.o [1]
  .text              ro code   0x800'3cac     0x4  startup_stm32f4xx.o [1]
  .text              ro code   0x800'3cb0     0x4  startup_stm32f4xx.o [1]
  .text              ro code   0x800'3cb4     0x4  startup_stm32f4xx.o [1]
  .text              ro code   0x800'3cb8     0x4  startup_stm32f4xx.o [1]
  .text              ro code   0x800'3cbc     0x4  startup_stm32f4xx.o [1]
  .text              ro code   0x800'3cc0     0x4  startup_stm32f4xx.o [1]
  .rodata            const     0x800'3cc4     0x0  copy_init3.o [4]
  Initializer bytes  const     0x800'3cc4    0x64  <for P4 s0>
                             - 0x800'3d28  0x3ba0

"P3":                                      0x2000
  CSTACK                      0x1000'0000  0x2000  <Block>
    CSTACK           uninit   0x1000'0000  0x2000  <Block tail>
                            - 0x1000'2000  0x2000

"P4":                                        0x64
  P4 s0                       0x2000'0000    0x64  <Init block>
    .data            inited   0x2000'0000    0x28  wizchip_conf.o [1]
    .bss             inited   0x2000'0028    0x10  socket.o [1]
    .data            inited   0x2000'0038     0x8  XShttio.o [2]
    .bss             inited   0x2000'0040     0x8  socket.o [1]
    .bss             inited   0x2000'0048     0x4  flash_f4.o [1]
    .bss             inited   0x2000'004c     0x4  flash_f4.o [1]
    .bss             inited   0x2000'0050     0x4  wizchip_conf.o [1]
    .bss             inited   0x2000'0054     0x4  xfail_s.o [2]
    .data            inited   0x2000'0058     0x2  socket.o [1]
    .bss             inited   0x2000'005a     0x2  main.o [1]
    .bss             inited   0x2000'005c     0x2  socket.o [1]
    .bss             inited   0x2000'005e     0x2  socket.o [1]
    .bss             inited   0x2000'0060     0x1  main.o [1]
    .bss             inited   0x2000'0061     0x1  wizchip_conf.o [1]
    .bss             inited   0x2000'0062     0x1  XShttio.o [2]
                            - 0x2000'0064    0x64

Unused ranges:

         From           To      Size
         ----           --      ----
   0x800'3d28   0x80f'ffff  0xf'c2d8
  0x1000'2000  0x1000'ffff    0xe000
  0x2000'0064  0x2001'bfff  0x1'bf9c
  0x2001'c000  0x2001'ffff    0x4000


*******************************************************************************
*** INIT TABLE
***

          Address      Size
          -------      ----
Copy (__iar_copy_init3)
    1 source range, total size 0x64 (101% of destination):
           0x800'3cc4  0x64
    1 destination range, total size 0x63:
          0x2000'0000  0x63



*******************************************************************************
*** MODULE SUMMARY
***

    Module               ro code  ro data  rw data
    ------               -------  -------  -------
command line/config:
    ----------------------------------------------
    Total:

C:\Users\buidi\OneDrive\Desktop\Congty\PRJ3_3S\W5500-STM32-MQTT\W5500_MQTT_STM32\Debug\Obj: [1]
    flash_f4.o                48        8        8
    main.o                   380       15        3
    server.o                  58
    socket.o               1 616       30       30
    spi_cf.o                 896      224
    startup_stm32f4xx.o      772
    stm32f4xx_flash.o        336
    stm32f4xx_gpio.o         274
    stm32f4xx_it.o            18
    stm32f4xx_rcc.o          128
    stm32f4xx_spi.o          214
    system_stm32f4xx.o       292
    w5500.o                1 040
    wizchip_conf.o         1 738       45       45
    ----------------------------------------------
    Total:                 7 810      322       86

dl7M_tln.a: [2]
    XShttio.o                 60        9        9
    abort.o                    6
    exit.o                     4
    low_level_init.o           4
    printf.o                  40
    putchar.o                 32
    xfail_s.o                 64        4        4
    xprintffull_nomb.o     3 570
    xprout.o                  22
    ----------------------------------------------
    Total:                 3 802       13       13

m7M_tls.a: [3]
    DblAdd.o                 362
    DblCmpGe.o                46
    DblCmpLe.o                46
    DblDiv.o                 582
    DblMul.o                 418
    DblSub.o                 226
    DblToS32.o                58
    DblToU32.o                40
    S32ToDbl.o                34
    U32ToDbl.o                26
    fpinit_M.o                34
    frexp.o                  112
    ldexp.o                  314
    ----------------------------------------------
    Total:                 2 298

rt7M_tl.a: [4]
    ABImemclr4.o               6
    ABImemcpy.o              166
    ABImemset48.o             50
    I64DivMod.o              560
    I64DivZer.o                2
    cexit.o                   10
    cmain.o                   30
    copy_init3.o              44
    cstartup_M.o              12
    data_init.o               40
    memchr.o                  88
    strchr.o                  22
    strlen.o                  54
    ----------------------------------------------
    Total:                 1 084

shb_l.a: [5]
    dwrite.o                  30
    exit.o                    20
    iarttio.o                128
    iarwrite.o                34
    iarwstd.o                 32
    write.o                   16
    ----------------------------------------------
    Total:                   260

    Gaps                      40        6
    Linker created                     21    8 192
--------------------------------------------------
    Grand Total:          15 294      362    8 291


*******************************************************************************
*** ENTRY LIST
***

Entry                       Address   Size  Type      Object
-----                       -------   ----  ----      ------
.iar.init_table$$Base    0x800'39b4          --   Gb  - Linker created -
.iar.init_table$$Limit   0x800'39c8          --   Gb  - Linker created -
?main                    0x800'3a39         Code  Gb  cmain.o [4]
BusFault_Handler         0x800'3afb    0x2  Code  Gb  stm32f4xx_it.o [1]
CSTACK$$Base            0x1000'0000          --   Gb  - Linker created -
CSTACK$$Limit           0x1000'2000          --   Gb  - Linker created -
DebugMon_Handler         0x800'3b01    0x2  Code  Gb  stm32f4xx_it.o [1]
Delay                    0x800'35ad   0x10  Code  Gb  main.o [1]
FLASH_ClearFlag          0x800'3705    0x6  Code  Gb  stm32f4xx_flash.o [1]
FLASH_EraseSector        0x800'3649   0x80  Code  Gb  stm32f4xx_flash.o [1]
FLASH_GetStatus          0x800'370b   0x34  Code  Gb  stm32f4xx_flash.o [1]
FLASH_ProgramByte        0x800'36c9   0x3c  Code  Gb  stm32f4xx_flash.o [1]
FLASH_Unlock             0x800'362d   0x1c  Code  Gb  stm32f4xx_flash.o [1]
FLASH_WaitForLastOperation
                         0x800'3755   0x28  Code  Gb  stm32f4xx_flash.o [1]
GPIO_Init                0x800'322d   0xa8  Code  Gb  stm32f4xx_gpio.o [1]
GPIO_PinAFConfig         0x800'32eb   0x54  Code  Gb  stm32f4xx_gpio.o [1]
GPIO_ResetBits           0x800'32d9    0x4  Code  Gb  stm32f4xx_gpio.o [1]
GPIO_SetBits             0x800'32d5    0x4  Code  Gb  stm32f4xx_gpio.o [1]
GPIO_WriteBit            0x800'32dd    0xe  Code  Gb  stm32f4xx_gpio.o [1]
HardFault_Handler        0x800'3af7    0x2  Code  Gb  stm32f4xx_it.o [1]
JumpAddress             0x2000'004c    0x4  Data  Gb  flash_f4.o [1]
Jump_To_Application     0x2000'0048    0x4  Data  Gb  flash_f4.o [1]
LoadInt                  0x800'0337   0x7a  Code  Lc  xprintffull_nomb.o [2]
MemManage_Handler        0x800'3af9    0x2  Code  Gb  stm32f4xx_it.o [1]
NMI_Handler              0x800'3af5    0x2  Code  Gb  stm32f4xx_it.o [1]
PendSV_Handler           0x800'3b03    0x2  Code  Gb  stm32f4xx_it.o [1]
RCC_AHB1PeriphClockCmd   0x800'31ad   0x1c  Code  Gb  stm32f4xx_rcc.o [1]
RCC_APB1PeriphResetCmd   0x800'31e5   0x1c  Code  Gb  stm32f4xx_rcc.o [1]
RCC_APB2PeriphClockCmd   0x800'31c9   0x1c  Code  Gb  stm32f4xx_rcc.o [1]
RCC_APB2PeriphResetCmd   0x800'3201   0x1c  Code  Gb  stm32f4xx_rcc.o [1]
Region$$Table$$Base      0x800'39b4          --   Gb  - Linker created -
Region$$Table$$Limit     0x800'39c8          --   Gb  - Linker created -
SPI_Cmd                  0x800'33e1   0x1c  Code  Gb  stm32f4xx_spi.o [1]
SPI_I2S_DeInit           0x800'3341   0x56  Code  Gb  stm32f4xx_spi.o [1]
SPI_I2S_GetFlagStatus    0x800'3405   0x12  Code  Gb  stm32f4xx_spi.o [1]
SPI_I2S_ReceiveData      0x800'33fd    0x4  Code  Gb  stm32f4xx_spi.o [1]
SPI_I2S_SendData         0x800'3401    0x4  Code  Gb  stm32f4xx_spi.o [1]
SPI_Init                 0x800'3397   0x3e  Code  Gb  stm32f4xx_spi.o [1]
SVC_Handler              0x800'3aff    0x2  Code  Gb  stm32f4xx_it.o [1]
SetSysClock              0x800'37f7   0xaa  Code  Lc  system_stm32f4xx.o [1]
SysTick_Handler          0x800'3b05    0x2  Code  Gb  stm32f4xx_it.o [1]
SystemInit               0x800'37b1   0x46  Code  Gb  system_stm32f4xx.o [1]
UsageFault_Handler       0x800'3afd    0x2  Code  Gb  stm32f4xx_it.o [1]
W5500_CS_Deselect        0x800'2f51    0xc  Code  Lc  spi_cf.o [1]
W5500_CS_Select          0x800'2f45    0xc  Code  Lc  spi_cf.o [1]
W5500_Init               0x800'3103   0x34  Code  Gb  spi_cf.o [1]
W5500_Mem_Init           0x800'3137   0x26  Code  Lc  spi_cf.o [1]
W5500_Network_Init       0x800'2fbd  0x146  Code  Lc  spi_cf.o [1]
W5500_ReadByte           0x800'2f8f   0x2e  Code  Lc  spi_cf.o [1]
W5500_SPI_Init           0x800'2e2d  0x118  Code  Lc  spi_cf.o [1]
W5500_WriteByte          0x800'2f5d   0x32  Code  Lc  spi_cf.o [1]
WIZCHIP                 0x2000'0000   0x28  Data  Gb  wizchip_conf.o [1]
WIZCHIP_READ             0x800'23cd   0x68  Code  Gb  w5500.o [1]
WIZCHIP_READ_BUF         0x800'249f   0x86  Code  Gb  w5500.o [1]
WIZCHIP_WRITE            0x800'2435   0x6a  Code  Gb  w5500.o [1]
WIZCHIP_WRITE_BUF        0x800'2525   0x84  Code  Gb  w5500.o [1]
_DHCP_                  0x2000'0061    0x1  Data  Lc  wizchip_conf.o [1]
_DNS_                   0x2000'0050    0x4  Data  Lc  wizchip_conf.o [1]
_GenldFullNoMb           0x800'0c79  0x274  Code  Lc  xprintffull_nomb.o [2]
_LdtobFullNoMb           0x800'0875  0x3d6  Code  Lc  xprintffull_nomb.o [2]
_LitobFullNoMb           0x800'0725  0x10a  Code  Lc  xprintffull_nomb.o [2]
_PrintfFullNoMb          0x800'0189  0x19e  Code  Gb  xprintffull_nomb.o [2]
_Prout                   0x800'3aa1   0x16  Code  Gb  xprout.o [2]
_PutcharsFullNoMb        0x800'0eed   0x2e  Code  Lc  xprintffull_nomb.o [2]
_PutfldFullNoMb          0x800'03b1  0x268  Code  Lc  xprintffull_nomb.o [2]
_PuttxtFullNoMb          0x800'0619  0x10c  Code  Lc  xprintffull_nomb.o [2]
__aeabi_cdcmple          0x800'1551         Code  Gb  DblCmpLe.o [3]
__aeabi_cdrcmple         0x800'1581         Code  Gb  DblCmpGe.o [3]
__aeabi_d2iz             0x800'16ed         Code  Gb  DblToS32.o [3]
__aeabi_d2uiz            0x800'1a79         Code  Gb  DblToU32.o [3]
__aeabi_ddiv             0x800'1831         Code  Gb  DblDiv.o [3]
__aeabi_dmul             0x800'1295         Code  Gb  DblMul.o [3]
__aeabi_dsub             0x800'174d         Code  Gb  DblSub.o [3]
__aeabi_i2d              0x800'1729         Code  Gb  S32ToDbl.o [3]
__aeabi_ldiv0            0x800'1ac1         Code  Gb  I64DivZer.o [4]
__aeabi_memclr4          0x800'35bd         Code  Gb  ABImemclr4.o [4]
__aeabi_memcpy           0x800'1439         Code  Gb  ABImemcpy.o [4]
__aeabi_memcpy4          0x800'1459         Code  Gb  ABImemcpy.o [4]
__aeabi_memcpy8          0x800'1459         Code  Gb  ABImemcpy.o [4]
__aeabi_ui2d             0x800'1aa1         Code  Gb  U32ToDbl.o [3]
__aeabi_uldivmod         0x800'1065         Code  Gb  I64DivMod.o [4]
__cmain                  0x800'3a39         Code  Gb  cmain.o [4]
__dwrite                 0x800'39f9   0x1e  Code  Gb  dwrite.o [5]
__exit                   0x800'1c31   0x14  Code  Gb  exit.o [5]
__iar_Fail_s             0x800'0f95   0x1c  Code  Gb  xfail_s.o [2]
__iar_Memchr             0x800'100d         Code  Gb  memchr.o [4]
__iar_Memset4_word       0x800'377d         Code  Gb  ABImemset48.o [4]
__iar_Memset8_word       0x800'377d         Code  Gb  ABImemset48.o [4]
__iar_Strchr             0x800'0f7d         Code  Gb  strchr.o [4]
__iar_close_ttio         0x800'1c45   0x2e  Code  Gb  iarttio.o [5]
__iar_copy_init3         0x800'38d5   0x2c  Code  Gb  copy_init3.o [4]
__iar_dadd               0x800'175d         Code  Gb  DblSub.o [3]
__iar_data_init3         0x800'3901   0x28  Code  Gb  data_init.o [4]
__iar_dsub               0x800'1ac5         Code  Gb  DblAdd.o [3]
__iar_dsubStart          0x800'1ad7         Code  Gb  DblAdd.o [3]
__iar_frexp              0x800'14ed         Code  Gb  frexp.o [3]
__iar_frexpl             0x800'14ed         Code  Gb  frexp.o [3]
__iar_get_ttio           0x800'1c75   0x4c  Code  Gb  iarttio.o [5]
__iar_init_vfp           0x800'3971         Code  Gb  fpinit_M.o [3]
__iar_ldexp64            0x800'15b1         Code  Gb  ldexp.o [3]
__iar_lookup_ttioh       0x800'1cf3    0x4  Code  Gb  XShttio.o [2]
__iar_program_start      0x800'3b29         Code  Gb  cstartup_M.o [4]
__iar_scalbln64          0x800'15b1         Code  Gb  ldexp.o [3]
__iar_scalbn64           0x800'15b1         Code  Gb  ldexp.o [3]
__iar_sh_stdout          0x800'3a17   0x20  Code  Gb  iarwstd.o [5]
__iar_sh_write           0x800'3993   0x22  Code  Gb  iarwrite.o [5]
__iar_softfp___iar_frexp64
                         0x800'14e1         Code  Gb  frexp.o [3]
__iar_softfp_frexp       0x800'14e1         Code  Gb  frexp.o [3]
__iar_softfp_frexpl      0x800'14e1         Code  Gb  frexp.o [3]
__iar_ttio_guard_lock    0x800'1cc5   0x1e  Code  Gb  XShttio.o [2]
__iar_ttio_guard_unlock
                         0x800'1ce3   0x10  Code  Gb  XShttio.o [2]
__iar_ttio_handles      0x2000'0038    0x8  Data  Lc  XShttio.o [2]
__low_level_init         0x800'3a57    0x4  Code  Gb  low_level_init.o [2]
__vector_table           0x800'0000         Data  Gb  startup_stm32f4xx.o [1]
__write                  0x800'39e9   0x10  Code  Gb  write.o [5]
_call_main               0x800'3a45         Code  Gb  cmain.o [4]
_exit                    0x800'3a61         Code  Gb  cexit.o [4]
_main                    0x800'3a53         Code  Gb  cmain.o [4]
abort                    0x800'1abb    0x6  Code  Gb  abort.o [2]
close                    0x800'2965   0x9a  Code  Gb  socket.o [1]
ctlnetwork               0x800'1ec9   0x54  Code  Gb  wizchip_conf.o [1]
ctlwizchip               0x800'1d91  0x138  Code  Gb  wizchip_conf.o [1]
disconnect               0x800'2a93   0xae  Code  Gb  socket.o [1]
exit                     0x800'3a5b    0x4  Code  Gb  exit.o [2]
getSn_RX_RSR             0x800'262f   0x82  Code  Gb  w5500.o [1]
getSn_TX_FSR             0x800'25ad   0x82  Code  Gb  w5500.o [1]
ldexp                    0x800'15b1         Code  Gb  ldexp.o [3]
ldexpl                   0x800'15b1         Code  Gb  ldexp.o [3]
listen                   0x800'29ff   0x94  Code  Gb  socket.o [1]
main                     0x800'3441  0x150  Code  Gb  main.o [1]
memchr                   0x800'100d         Code  Gb  memchr.o [4]
printf                   0x800'3419   0x28  Code  Gb  printf.o [2]
putchar                  0x800'39c9   0x20  Code  Gb  putchar.o [2]
recv                     0x800'2ccf  0x148  Code  Gb  socket.o [1]
reg_wizchip_cris_cbfunc
                         0x800'1d17   0x28  Code  Gb  wizchip_conf.o [1]
reg_wizchip_cs_cbfunc    0x800'1d3f   0x28  Code  Gb  wizchip_conf.o [1]
reg_wizchip_spi_cbfunc   0x800'1d67   0x2a  Code  Gb  wizchip_conf.o [1]
runApp                   0x800'35fd   0x30  Code  Gb  flash_f4.o [1]
scalbln                  0x800'15b1         Code  Gb  ldexp.o [3]
scalblnl                 0x800'15b1         Code  Gb  ldexp.o [3]
scalbn                   0x800'15b1         Code  Gb  ldexp.o [3]
scalbnl                  0x800'15b1         Code  Gb  ldexp.o [3]
scale                    0x800'082f   0x46  Code  Lc  xprintffull_nomb.o [2]
sec_hand                0x2000'0054    0x4  Data  Lc  xfail_s.o [2]
send                     0x800'2b41  0x18e  Code  Gb  socket.o [1]
server_init              0x800'35c3   0x3a  Code  Gb  server.o [1]
sock_any_port           0x2000'0058    0x2  Data  Lc  socket.o [1]
sock_io_mode            0x2000'005c    0x2  Data  Lc  socket.o [1]
sock_is_sending         0x2000'005e    0x2  Data  Lc  socket.o [1]
sock_pack_info          0x2000'0040    0x8  Data  Gb  socket.o [1]
sock_remained_size      0x2000'0028   0x10  Data  Lc  socket.o [1]
socket                   0x800'27dd  0x188  Code  Gb  socket.o [1]
socket_sn               0x2000'0060    0x1  Data  Gb  main.o [1]
status_RX_1             0x2000'005a    0x2  Data  Gb  main.o [1]
strchr                   0x800'0f7d         Code  Gb  strchr.o [4]
strlen                   0x800'0fd5         Code  Gb  strlen.o [4]
ttio_guard              0x2000'0062    0x1  Data  Lc  XShttio.o [2]
wiz_recv_data            0x800'2747   0x96  Code  Gb  w5500.o [1]
wiz_send_data            0x800'26b1   0x96  Code  Gb  w5500.o [1]
wizchip_bus_readdata     0x800'1d09    0x4  Code  Gb  wizchip_conf.o [1]
wizchip_bus_writedata    0x800'1d0d    0x4  Code  Gb  wizchip_conf.o [1]
wizchip_clrinterrupt     0x800'2043   0x24  Code  Gb  wizchip_conf.o [1]
wizchip_cris_enter       0x800'1d01    0x2  Code  Gb  wizchip_conf.o [1]
wizchip_cris_exit        0x800'1d03    0x2  Code  Gb  wizchip_conf.o [1]
wizchip_cs_deselect      0x800'1d07    0x2  Code  Gb  wizchip_conf.o [1]
wizchip_cs_select        0x800'1d05    0x2  Code  Gb  wizchip_conf.o [1]
wizchip_getinterrupt     0x800'2067   0x2c  Code  Gb  wizchip_conf.o [1]
wizchip_getinterruptmask
                         0x800'20b5   0x28  Code  Gb  wizchip_conf.o [1]
wizchip_getnetinfo       0x800'22c9   0x52  Code  Gb  wizchip_conf.o [1]
wizchip_getnetmode       0x800'2369    0xa  Code  Gb  wizchip_conf.o [1]
wizchip_gettimeout       0x800'239f   0x2c  Code  Gb  wizchip_conf.o [1]
wizchip_init             0x800'1f93   0xb0  Code  Gb  wizchip_conf.o [1]
wizchip_setinterruptmask
                         0x800'2093   0x22  Code  Gb  wizchip_conf.o [1]
wizchip_setnetinfo       0x800'2277   0x52  Code  Gb  wizchip_conf.o [1]
wizchip_setnetmode       0x800'2341   0x28  Code  Gb  wizchip_conf.o [1]
wizchip_settimeout       0x800'2373   0x2c  Code  Gb  wizchip_conf.o [1]
wizchip_spi_readbyte     0x800'1d11    0x4  Code  Gb  wizchip_conf.o [1]
wizchip_spi_writebyte    0x800'1d15    0x2  Code  Gb  wizchip_conf.o [1]
wizchip_sw_reset         0x800'1f1d   0x76  Code  Gb  wizchip_conf.o [1]
wizphy_getphyconf        0x800'219b   0x76  Code  Gb  wizchip_conf.o [1]
wizphy_getphylink        0x800'20dd   0x18  Code  Gb  wizchip_conf.o [1]
wizphy_getphypmode       0x800'20f5   0x1e  Code  Gb  wizchip_conf.o [1]
wizphy_reset             0x800'2113   0x34  Code  Gb  wizchip_conf.o [1]
wizphy_setphyconf        0x800'2147   0x54  Code  Gb  wizchip_conf.o [1]
wizphy_setphypmode       0x800'2211   0x66  Code  Gb  wizchip_conf.o [1]


[1] = C:\Users\buidi\OneDrive\Desktop\Congty\PRJ3_3S\W5500-STM32-MQTT\W5500_MQTT_STM32\Debug\Obj
[2] = dl7M_tln.a
[3] = m7M_tls.a
[4] = rt7M_tl.a
[5] = shb_l.a

  15 294 bytes of readonly  code memory
     362 bytes of readonly  data memory
   8 291 bytes of readwrite data memory

Errors: none
Warnings: none
