###############################################################################
#
# IAR ELF Linker V8.32.1.169/W32 for ARM                  25/Mar/2019  16:01:37
# Copyright 2007-2018 IAR Systems AB.
#
#    Output file  =  
#        C:\Users\buidi\OneDrive\Desktop\Congty\PRJ3_3S\W5500-STM32-MQTT\W5500_MQTT_STM32\Debug\Exe\Ethernet.out
#    Map file     =  
#        C:\Users\buidi\OneDrive\Desktop\Congty\PRJ3_3S\W5500-STM32-MQTT\W5500_MQTT_STM32\Debug\List\Ethernet.map
#    Command line =  
#        -f C:\Users\buidi\AppData\Local\Temp\EW7E61.tmp
#        (C:\Users\buidi\OneDrive\Desktop\Congty\PRJ3_3S\W5500-STM32-MQTT\W5500_MQTT_STM32\Debug\Obj\client.o
#        C:\Users\buidi\OneDrive\Desktop\Congty\PRJ3_3S\W5500-STM32-MQTT\W5500_MQTT_STM32\Debug\Obj\dhcp.o
#        C:\Users\buidi\OneDrive\Desktop\Congty\PRJ3_3S\W5500-STM32-MQTT\W5500_MQTT_STM32\Debug\Obj\flash_f4.o
#        C:\Users\buidi\OneDrive\Desktop\Congty\PRJ3_3S\W5500-STM32-MQTT\W5500_MQTT_STM32\Debug\Obj\led_cf.o
#        C:\Users\buidi\OneDrive\Desktop\Congty\PRJ3_3S\W5500-STM32-MQTT\W5500_MQTT_STM32\Debug\Obj\loopback.o
#        C:\Users\buidi\OneDrive\Desktop\Congty\PRJ3_3S\W5500-STM32-MQTT\W5500_MQTT_STM32\Debug\Obj\main.o
#        C:\Users\buidi\OneDrive\Desktop\Congty\PRJ3_3S\W5500-STM32-MQTT\W5500_MQTT_STM32\Debug\Obj\misc.o
#        C:\Users\buidi\OneDrive\Desktop\Congty\PRJ3_3S\W5500-STM32-MQTT\W5500_MQTT_STM32\Debug\Obj\MQTTClient.o
#        C:\Users\buidi\OneDrive\Desktop\Congty\PRJ3_3S\W5500-STM32-MQTT\W5500_MQTT_STM32\Debug\Obj\MQTTConnectClient.o
#        C:\Users\buidi\OneDrive\Desktop\Congty\PRJ3_3S\W5500-STM32-MQTT\W5500_MQTT_STM32\Debug\Obj\MQTTConnectServer.o
#        C:\Users\buidi\OneDrive\Desktop\Congty\PRJ3_3S\W5500-STM32-MQTT\W5500_MQTT_STM32\Debug\Obj\MQTTDeserializePublish.o
#        C:\Users\buidi\OneDrive\Desktop\Congty\PRJ3_3S\W5500-STM32-MQTT\W5500_MQTT_STM32\Debug\Obj\MQTTFormat.o
#        C:\Users\buidi\OneDrive\Desktop\Congty\PRJ3_3S\W5500-STM32-MQTT\W5500_MQTT_STM32\Debug\Obj\MQTTPacket.o
#        C:\Users\buidi\OneDrive\Desktop\Congty\PRJ3_3S\W5500-STM32-MQTT\W5500_MQTT_STM32\Debug\Obj\MQTTSerializePublish.o
#        C:\Users\buidi\OneDrive\Desktop\Congty\PRJ3_3S\W5500-STM32-MQTT\W5500_MQTT_STM32\Debug\Obj\MQTTSubscribeClient.o
#        C:\Users\buidi\OneDrive\Desktop\Congty\PRJ3_3S\W5500-STM32-MQTT\W5500_MQTT_STM32\Debug\Obj\MQTTSubscribeServer.o
#        C:\Users\buidi\OneDrive\Desktop\Congty\PRJ3_3S\W5500-STM32-MQTT\W5500_MQTT_STM32\Debug\Obj\MQTTUnsubscribeClient.o
#        C:\Users\buidi\OneDrive\Desktop\Congty\PRJ3_3S\W5500-STM32-MQTT\W5500_MQTT_STM32\Debug\Obj\MQTTUnsubscribeServer.o
#        C:\Users\buidi\OneDrive\Desktop\Congty\PRJ3_3S\W5500-STM32-MQTT\W5500_MQTT_STM32\Debug\Obj\server.o
#        C:\Users\buidi\OneDrive\Desktop\Congty\PRJ3_3S\W5500-STM32-MQTT\W5500_MQTT_STM32\Debug\Obj\setup_client.o
#        C:\Users\buidi\OneDrive\Desktop\Congty\PRJ3_3S\W5500-STM32-MQTT\W5500_MQTT_STM32\Debug\Obj\socket.o
#        C:\Users\buidi\OneDrive\Desktop\Congty\PRJ3_3S\W5500-STM32-MQTT\W5500_MQTT_STM32\Debug\Obj\spi_cf.o
#        C:\Users\buidi\OneDrive\Desktop\Congty\PRJ3_3S\W5500-STM32-MQTT\W5500_MQTT_STM32\Debug\Obj\startup_stm32f4xx.o
#        C:\Users\buidi\OneDrive\Desktop\Congty\PRJ3_3S\W5500-STM32-MQTT\W5500_MQTT_STM32\Debug\Obj\stm32f4xx_exti.o
#        C:\Users\buidi\OneDrive\Desktop\Congty\PRJ3_3S\W5500-STM32-MQTT\W5500_MQTT_STM32\Debug\Obj\stm32f4xx_flash.o
#        C:\Users\buidi\OneDrive\Desktop\Congty\PRJ3_3S\W5500-STM32-MQTT\W5500_MQTT_STM32\Debug\Obj\stm32f4xx_gpio.o
#        C:\Users\buidi\OneDrive\Desktop\Congty\PRJ3_3S\W5500-STM32-MQTT\W5500_MQTT_STM32\Debug\Obj\stm32f4xx_it.o
#        C:\Users\buidi\OneDrive\Desktop\Congty\PRJ3_3S\W5500-STM32-MQTT\W5500_MQTT_STM32\Debug\Obj\stm32f4xx_rcc.o
#        C:\Users\buidi\OneDrive\Desktop\Congty\PRJ3_3S\W5500-STM32-MQTT\W5500_MQTT_STM32\Debug\Obj\stm32f4xx_spi.o
#        C:\Users\buidi\OneDrive\Desktop\Congty\PRJ3_3S\W5500-STM32-MQTT\W5500_MQTT_STM32\Debug\Obj\stm32f4xx_syscfg.o
#        C:\Users\buidi\OneDrive\Desktop\Congty\PRJ3_3S\W5500-STM32-MQTT\W5500_MQTT_STM32\Debug\Obj\stm32f4xx_tim.o
#        C:\Users\buidi\OneDrive\Desktop\Congty\PRJ3_3S\W5500-STM32-MQTT\W5500_MQTT_STM32\Debug\Obj\stm32f4xx_usart.o
#        C:\Users\buidi\OneDrive\Desktop\Congty\PRJ3_3S\W5500-STM32-MQTT\W5500_MQTT_STM32\Debug\Obj\system_stm32f4xx.o
#        C:\Users\buidi\OneDrive\Desktop\Congty\PRJ3_3S\W5500-STM32-MQTT\W5500_MQTT_STM32\Debug\Obj\w5500.o
#        C:\Users\buidi\OneDrive\Desktop\Congty\PRJ3_3S\W5500-STM32-MQTT\W5500_MQTT_STM32\Debug\Obj\wizchip_conf.o
#        --no_out_extension -o
#        C:\Users\buidi\OneDrive\Desktop\Congty\PRJ3_3S\W5500-STM32-MQTT\W5500_MQTT_STM32\Debug\Exe\Ethernet.out
#        --redirect _Printf=_PrintfFull --redirect _Scanf=_ScanfSmallNoMb --map
#        C:\Users\buidi\OneDrive\Desktop\Congty\PRJ3_3S\W5500-STM32-MQTT\W5500_MQTT_STM32\Debug\List\Ethernet.map
#        --config
#        C:\Users\buidi\OneDrive\Desktop\Congty\PRJ3_3S\W5500-STM32-MQTT\W5500_MQTT_STM32\Ethernet.icf
#        --semihosting --entry __iar_program_start --vfe --text_out locale)
#
###############################################################################

*******************************************************************************
*** RUNTIME MODEL ATTRIBUTES
***

CppFlavor       = *
__Heap_Handler  = Basic
__SystemLibrary = DLib
__dlib_version  = 6


*******************************************************************************
*** HEAP SELECTION
***

The basic heap was selected because no calls to memory allocation
functions were found in the application outside of system library
functions, and there are calls to deallocation functions in the
application.


*******************************************************************************
*** PLACEMENT SUMMARY
***

"A0":  place at 0x800'0000 { ro section .intvec };
"P1":  place in [from 0x800'0000 to 0x80f'ffff] { ro };
define block CSTACK with size = 8K, alignment = 8 { };
"P3":  place in [from 0x1000'0000 to 0x1000'ffff] {
          block CSTACK, section .ccram };
define block HEAP with size = 8K, alignment = 8 { };
"P4":  place in [from 0x2000'0000 to 0x2001'bfff] |
                [from 0x2001'c000 to 0x2001'ffff] { rw, block HEAP };
initialize by copy { rw };

No sections matched the following patterns:

  ro section application_specific_ro  in "P2"
  section .backup_sram                in "P5"
  section .ccram                      in "P3"


  Section            Kind         Address    Size  Object
  -------            ----         -------    ----  ------
"A0":                                       0x188
  .intvec            ro code   0x800'0000   0x188  startup_stm32f4xx.o [1]
                             - 0x800'0188   0x188

"P1":                                      0x3a6b
  .text              ro code   0x800'0188   0xf46  xprintffull.o [2]
  .text              ro code   0x800'10ce    0x3a  zero_init3.o [4]
  .text              ro code   0x800'1108    0x78  xlocale_c.o [2]
  .text              ro code   0x800'1180    0x16  strchr.o [4]
  .text              ro code   0x800'1196    0x1e  xencoding_8859_1.o [2]
  .text              ro code   0x800'11b4    0x40  xfail_s.o [2]
  .text              ro code   0x800'11f4    0x36  strlen.o [4]
  .text              ro code   0x800'122c    0x58  memchr.o [4]
  .text              ro code   0x800'1284     0xa  xmbcurmax.o [2]
  .text              ro code   0x800'1290    0xa6  ABImemcpy.o [4]
  .text              ro code   0x800'1338   0x230  I64DivMod.o [4]
  .text              ro code   0x800'1568   0x1a2  DblMul.o [3]
  .text              ro code   0x800'170c    0x70  frexp.o [3]
  .text              ro code   0x800'177c    0x2e  DblCmpLe.o [3]
  .text              ro code   0x800'17ac    0x2e  DblCmpGe.o [3]
  .text              ro code   0x800'17dc   0x13a  ldexp.o [3]
  .text              ro code   0x800'1918    0x3a  DblToS32.o [3]
  .text              ro code   0x800'1954    0x22  S32ToDbl.o [3]
  .text              ro code   0x800'1978    0xe2  DblSub.o [3]
  .text              ro code   0x800'1a5c   0x246  DblDiv.o [3]
  .text              ro code   0x800'1ca4    0x28  DblToU32.o [3]
  .text              ro code   0x800'1ccc    0x1a  U32ToDbl.o [3]
  .text              ro code   0x800'1ce6     0x6  abort.o [2]
  .text              ro code   0x800'1cec     0x2  I64DivZer.o [4]
  .text              ro code   0x800'1cf0   0x16a  DblAdd.o [3]
  .text              ro code   0x800'1e5c    0x14  exit.o [5]
  .text              ro code   0x800'1e70    0x80  iarttio.o [5]
  .text              ro code   0x800'1ef0    0x3c  XShttio.o [2]
  .text              ro code   0x800'1f2c   0x598  wizchip_conf.o [1]
  .text              ro code   0x800'24c4   0x1e0  w5500.o [1]
  .text              ro code   0x800'26a4   0x38c  socket.o [1]
  .text              ro code   0x800'2a30   0x20c  spi_cf.o [1]
  .text              ro code   0x800'2c3c    0x80  stm32f4xx_rcc.o [1]
  .text              ro code   0x800'2cbc   0x112  stm32f4xx_gpio.o [1]
  .text              ro code   0x800'2dd0    0xd6  stm32f4xx_spi.o [1]
  .text              ro code   0x800'2ea8    0x28  printf.o [2]
  .text              ro code   0x800'2ed0   0x140  heap0.o [2]
  .text              ro code   0x800'3010    0x2c  xgetmemchunk.o [2]
  .text              ro code   0x800'303c   0x124  system_stm32f4xx.o [1]
  .text              ro code   0x800'3160    0xd8  xfspos.o [2]
  .text              ro code   0x800'3238    0xac  fflush.o [2]
  .text              ro code   0x800'32e4     0xc  xfgpos.o [2]
  .text              ro code   0x800'32f0    0x4a  lseek.o [5]
  .text              ro code   0x800'333a    0x10  write.o [5]
  .text              ro code   0x800'334c    0xcc  XShHandles.o [2]
  .text              ro code   0x800'3418    0x1e  dwrite.o [5]
  .text              ro code   0x800'3436    0x20  iarwstd.o [5]
  .text              ro code   0x800'3456    0x22  iarwrite.o [5]
  .text              ro code   0x800'3478    0xb4  xfwprep.o [2]
  .text              ro code   0x800'352c    0x24  fseek.o [2]
  .text              ro code   0x800'3550    0x9c  packbits_init.o [4]
  .text              ro code   0x800'35ec    0x8c  xfofind.o [2]
  .text              ro code   0x800'3678     0x4  heaptramp0.o [2]
  .text              ro code   0x800'367c    0x7e  fclose.o [2]
  .text              ro code   0x800'36fa    0x18  close.o [5]
  .text              ro code   0x800'3712    0x14  remove.o [5]
  .text              ro code   0x800'3726    0x54  fputc.o [2]
  .text              ro code   0x800'377c    0x3c  main.o [1]
  .text              ro code   0x800'37b8    0x30  server.o [1]
  .text              ro code   0x800'37e8    0x3c  xcloseall.o [2]
  .text              ro code   0x800'3824    0x28  data_init.o [4]
  .text              ro code   0x800'384c    0x22  fpinit_M.o [3]
  .iar.init_table    const     0x800'3870    0x2c  - Linker created -
  .text              ro code   0x800'389c    0x20  stm32f4xx_it.o [1]
  .text              ro code   0x800'38bc    0x1e  cmain.o [4]
  .text              ro code   0x800'38da     0x4  low_level_init.o [2]
  .text              ro code   0x800'38de     0x4  exit.o [2]
  .text              ro code   0x800'38e4     0xe  cexit.o [4]
  .rodata            const     0x800'38f4    0x1c  spi_cf.o [1]
  .text              ro code   0x800'3910    0x16  xprout.o [2]
  .text              ro code   0x800'3928     0xc  putchar.o [2]
  .rodata            const     0x800'3934    0x10  spi_cf.o [1]
  .text              ro code   0x800'3944    0x10  startup_stm32f4xx.o [1]
  .text              ro code   0x800'3954     0xc  cstartup_M.o [4]
  .rodata            const     0x800'3960     0x6  xlocale_c.o [2]
  .text              ro code   0x800'3966     0x4  startup_stm32f4xx.o [1]
  .text              ro code   0x800'396a     0x4  startup_stm32f4xx.o [1]
  .text              ro code   0x800'396e     0x4  startup_stm32f4xx.o [1]
  .text              ro code   0x800'3972     0x4  startup_stm32f4xx.o [1]
  .text              ro code   0x800'3976     0x4  startup_stm32f4xx.o [1]
  .text              ro code   0x800'397a     0x4  startup_stm32f4xx.o [1]
  .text              ro code   0x800'397e     0x4  startup_stm32f4xx.o [1]
  .text              ro code   0x800'3982     0x4  startup_stm32f4xx.o [1]
  .text              ro code   0x800'3986     0x4  startup_stm32f4xx.o [1]
  .text              ro code   0x800'398a     0x4  startup_stm32f4xx.o [1]
  .text              ro code   0x800'398e     0x4  startup_stm32f4xx.o [1]
  .text              ro code   0x800'3992     0x4  startup_stm32f4xx.o [1]
  .text              ro code   0x800'3996     0x4  startup_stm32f4xx.o [1]
  .text              ro code   0x800'399a     0x4  startup_stm32f4xx.o [1]
  .text              ro code   0x800'399e     0x4  startup_stm32f4xx.o [1]
  .text              ro code   0x800'39a2     0x4  startup_stm32f4xx.o [1]
  .text              ro code   0x800'39a6     0x4  startup_stm32f4xx.o [1]
  .text              ro code   0x800'39aa     0x4  startup_stm32f4xx.o [1]
  .text              ro code   0x800'39ae     0x4  startup_stm32f4xx.o [1]
  .text              ro code   0x800'39b2     0x4  startup_stm32f4xx.o [1]
  .text              ro code   0x800'39b6     0x4  startup_stm32f4xx.o [1]
  .text              ro code   0x800'39ba     0x4  startup_stm32f4xx.o [1]
  .text              ro code   0x800'39be     0x4  startup_stm32f4xx.o [1]
  .text              ro code   0x800'39c2     0x4  startup_stm32f4xx.o [1]
  .text              ro code   0x800'39c6     0x4  startup_stm32f4xx.o [1]
  .text              ro code   0x800'39ca     0x4  startup_stm32f4xx.o [1]
  .text              ro code   0x800'39ce     0x4  startup_stm32f4xx.o [1]
  .text              ro code   0x800'39d2     0x4  startup_stm32f4xx.o [1]
  .text              ro code   0x800'39d6     0x4  startup_stm32f4xx.o [1]
  .text              ro code   0x800'39da     0x4  startup_stm32f4xx.o [1]
  .text              ro code   0x800'39de     0x4  startup_stm32f4xx.o [1]
  .text              ro code   0x800'39e2     0x4  startup_stm32f4xx.o [1]
  .text              ro code   0x800'39e6     0x4  startup_stm32f4xx.o [1]
  .text              ro code   0x800'39ea     0x4  startup_stm32f4xx.o [1]
  .text              ro code   0x800'39ee     0x4  startup_stm32f4xx.o [1]
  .text              ro code   0x800'39f2     0x4  startup_stm32f4xx.o [1]
  .text              ro code   0x800'39f6     0x4  startup_stm32f4xx.o [1]
  .text              ro code   0x800'39fa     0x4  startup_stm32f4xx.o [1]
  .text              ro code   0x800'39fe     0x4  startup_stm32f4xx.o [1]
  .text              ro code   0x800'3a02     0x4  startup_stm32f4xx.o [1]
  .text              ro code   0x800'3a06     0x4  startup_stm32f4xx.o [1]
  .text              ro code   0x800'3a0a     0x4  startup_stm32f4xx.o [1]
  .text              ro code   0x800'3a0e     0x4  startup_stm32f4xx.o [1]
  .text              ro code   0x800'3a12     0x4  startup_stm32f4xx.o [1]
  .text              ro code   0x800'3a16     0x4  startup_stm32f4xx.o [1]
  .text              ro code   0x800'3a1a     0x4  startup_stm32f4xx.o [1]
  .text              ro code   0x800'3a1e     0x4  startup_stm32f4xx.o [1]
  .text              ro code   0x800'3a22     0x4  startup_stm32f4xx.o [1]
  .text              ro code   0x800'3a26     0x4  startup_stm32f4xx.o [1]
  .text              ro code   0x800'3a2a     0x4  startup_stm32f4xx.o [1]
  .text              ro code   0x800'3a2e     0x4  startup_stm32f4xx.o [1]
  .text              ro code   0x800'3a32     0x4  startup_stm32f4xx.o [1]
  .text              ro code   0x800'3a36     0x4  startup_stm32f4xx.o [1]
  .text              ro code   0x800'3a3a     0x4  startup_stm32f4xx.o [1]
  .text              ro code   0x800'3a3e     0x4  startup_stm32f4xx.o [1]
  .text              ro code   0x800'3a42     0x4  startup_stm32f4xx.o [1]
  .text              ro code   0x800'3a46     0x4  startup_stm32f4xx.o [1]
  .text              ro code   0x800'3a4a     0x4  startup_stm32f4xx.o [1]
  .text              ro code   0x800'3a4e     0x4  startup_stm32f4xx.o [1]
  .text              ro code   0x800'3a52     0x4  startup_stm32f4xx.o [1]
  .text              ro code   0x800'3a56     0x4  startup_stm32f4xx.o [1]
  .text              ro code   0x800'3a5a     0x4  startup_stm32f4xx.o [1]
  .text              ro code   0x800'3a5e     0x4  startup_stm32f4xx.o [1]
  .text              ro code   0x800'3a62     0x4  startup_stm32f4xx.o [1]
  .text              ro code   0x800'3a66     0x4  startup_stm32f4xx.o [1]
  .text              ro code   0x800'3a6a     0x4  startup_stm32f4xx.o [1]
  .text              ro code   0x800'3a6e     0x4  startup_stm32f4xx.o [1]
  .text              ro code   0x800'3a72     0x4  startup_stm32f4xx.o [1]
  .text              ro code   0x800'3a76     0x4  startup_stm32f4xx.o [1]
  .text              ro code   0x800'3a7a     0x4  startup_stm32f4xx.o [1]
  .text              ro code   0x800'3a7e     0x4  startup_stm32f4xx.o [1]
  .text              ro code   0x800'3a82     0x4  startup_stm32f4xx.o [1]
  .text              ro code   0x800'3a86     0x4  startup_stm32f4xx.o [1]
  .text              ro code   0x800'3a8a     0x4  startup_stm32f4xx.o [1]
  .text              ro code   0x800'3a8e     0x4  startup_stm32f4xx.o [1]
  .text              ro code   0x800'3a92     0x4  startup_stm32f4xx.o [1]
  .text              ro code   0x800'3a96     0x4  startup_stm32f4xx.o [1]
  .text              ro code   0x800'3a9a     0x4  startup_stm32f4xx.o [1]
  .text              ro code   0x800'3a9e     0x4  startup_stm32f4xx.o [1]
  .text              ro code   0x800'3aa2     0x4  startup_stm32f4xx.o [1]
  .text              ro code   0x800'3aa6     0x4  startup_stm32f4xx.o [1]
  .text              ro code   0x800'3aaa     0x4  startup_stm32f4xx.o [1]
  .text              ro code   0x800'3aae     0x4  startup_stm32f4xx.o [1]
  .text              ro code   0x800'3ab2     0x4  startup_stm32f4xx.o [1]
  .text              ro code   0x800'3ab6     0x4  startup_stm32f4xx.o [1]
  .text              ro code   0x800'3aba     0x4  startup_stm32f4xx.o [1]
  .text              ro code   0x800'3abe     0x4  startup_stm32f4xx.o [1]
  .text              ro code   0x800'3ac2     0x4  startup_stm32f4xx.o [1]
  .text              ro code   0x800'3ac6     0x4  startup_stm32f4xx.o [1]
  .text              ro code   0x800'3aca     0x4  startup_stm32f4xx.o [1]
  .text              ro code   0x800'3ace     0x4  startup_stm32f4xx.o [1]
  .text              ro code   0x800'3ad4     0x0  cstart_closeall.o [4]
  .rodata            const     0x800'3ad4     0x0  zero_init3.o [4]
  .rodata            const     0x800'3ad4     0x0  packbits_init.o [4]
  Initializer bytes  const     0x800'3ad4   0x11f  <for P4 s0>
                             - 0x800'3bf3  0x3a6b

"P3":                                      0x2000
  CSTACK                      0x1000'0000  0x2000  <Block>
    CSTACK           uninit   0x1000'0000  0x2000  <Block tail>
                            - 0x1000'2000  0x2000

"P4", part 1 of 3:                          0x1ca
  P4 s0                       0x2000'0000   0x1ca  <Init block>
    .data            inited   0x2000'0000    0x48  xlocale_c.o [2]
    .data            inited   0x2000'0048    0x48  xfiles.o [2]
    .data            inited   0x2000'0090    0x48  xfiles.o [2]
    .data            inited   0x2000'00d8    0x48  xfiles.o [2]
    .data            inited   0x2000'0120    0x38  xlocale_c.o [2]
    .data            inited   0x2000'0158    0x28  wizchip_conf.o [1]
    .data            inited   0x2000'0180    0x20  xfiles.o [2]
    .data            inited   0x2000'01a0    0x18  main.o [1]
    .data            inited   0x2000'01b8     0x8  XShttio.o [2]
    .data            inited   0x2000'01c0     0x4  main.o [1]
    .data            inited   0x2000'01c4     0x4  main.o [1]
    .data            inited   0x2000'01c8     0x2  socket.o [1]
                            - 0x2000'01ca   0x1ca

"P4", part 2 of 3:                          0x158
  .bss               zero     0x2000'01cc    0x80  XShHandles.o [2]
  .bss               zero     0x2000'024c    0x50  xfiles.o [2]
  .bss               zero     0x2000'029c    0x50  xfiles.o [2]
  .bss               zero     0x2000'02ec    0x10  socket.o [1]
  .bss               zero     0x2000'02fc     0x8  socket.o [1]
  .bss               zero     0x2000'0304     0x8  heap0.o [2]
  .bss               zero     0x2000'030c     0x4  setup_client.o [1]
  .bss               zero     0x2000'0310     0x4  wizchip_conf.o [1]
  .bss               zero     0x2000'0314     0x4  xfail_s.o [2]
  .bss               zero     0x2000'0318     0x4  xgetmemchunk.o [2]
  .bss               zero     0x2000'031c     0x2  socket.o [1]
  .bss               zero     0x2000'031e     0x2  socket.o [1]
  .bss               zero     0x2000'0320     0x1  main.o [1]
  .bss               zero     0x2000'0321     0x1  wizchip_conf.o [1]
  .bss               zero     0x2000'0322     0x1  XShttio.o [2]
                            - 0x2000'0323   0x157

"P4", part 3 of 3:                         0x2000
  HEAP                        0x2000'0328  0x2000  <Block>
    HEAP             uninit   0x2000'0328  0x2000  <Block tail>
                            - 0x2000'2328  0x2000

Unused ranges:

         From           To      Size
         ----           --      ----
   0x800'3bf3   0x80f'ffff  0xf'c40d
  0x1000'2000  0x1000'ffff    0xe000
  0x2000'01ca  0x2000'01cb       0x2
  0x2000'0324  0x2000'0327       0x4
  0x2000'2328  0x2001'bfff  0x1'9cd8
  0x2001'c000  0x2001'ffff    0x4000


*******************************************************************************
*** INIT TABLE
***

          Address      Size
          -------      ----
Zero (__iar_zero_init3)
    1 destination range, total size 0x157:
          0x2000'01cc  0x157

Copy/packbits (__iar_packbits_init3)
    1 source range, total size 0x11f (62% of destination):
           0x800'3ad4  0x11f
    1 destination range, total size 0x1ca:
          0x2000'0000  0x1ca



*******************************************************************************
*** MODULE SUMMARY
***

    Module               ro code  ro data  rw data
    ------               -------  -------  -------
command line/config:
    ----------------------------------------------
    Total:

C:\Users\buidi\OneDrive\Desktop\Congty\PRJ3_3S\W5500-STM32-MQTT\W5500_MQTT_STM32\Debug\Obj: [1]
    main.o                    60       20       33
    server.o                  48
    setup_client.o                               4
    socket.o                 908        2       30
    spi_cf.o                 524       44
    startup_stm32f4xx.o      772
    stm32f4xx_gpio.o         274
    stm32f4xx_it.o            32
    stm32f4xx_rcc.o          128
    stm32f4xx_spi.o          214
    system_stm32f4xx.o       292
    w5500.o                  480
    wizchip_conf.o         1 432       25       45
    ----------------------------------------------
    Total:                 5 164       91      112

dl7M_tlf.a: [2]
    XShHandles.o             204               128
    XShttio.o                 60        5        9
    abort.o                    6
    exit.o                     4
    fclose.o                 126
    fflush.o                 172
    fputc.o                   84
    fseek.o                   36
    heap0.o                  320                 8
    heaptramp0.o               4
    low_level_init.o           4
    printf.o                  40
    putchar.o                 12
    xcloseall.o               60
    xencoding_8859_1.o        30
    xfail_s.o                 64                 4
    xfgpos.o                  12
    xfiles.o                          155      408
    xfofind.o                140
    xfspos.o                 216
    xfwprep.o                180
    xgetmemchunk.o            44                 4
    xlocale_c.o              120       86      128
    xmbcurmax.o               10
    xprintffull.o          3 910
    xprout.o                  22
    ----------------------------------------------
    Total:                 5 880      246      689

m7M_tls.a: [3]
    DblAdd.o                 362
    DblCmpGe.o                46
    DblCmpLe.o                46
    DblDiv.o                 582
    DblMul.o                 418
    DblSub.o                 226
    DblToS32.o                58
    DblToU32.o                40
    S32ToDbl.o                34
    U32ToDbl.o                26
    fpinit_M.o                34
    frexp.o                  112
    ldexp.o                  314
    ----------------------------------------------
    Total:                 2 298

rt7M_tl.a: [4]
    ABImemcpy.o              166
    I64DivMod.o              560
    I64DivZer.o                2
    cexit.o                   14
    cmain.o                   30
    cstart_closeall.o
    cstartup_M.o              12
    data_init.o               40
    memchr.o                  88
    packbits_init.o          156
    strchr.o                  22
    strlen.o                  54
    zero_init3.o              58
    ----------------------------------------------
    Total:                 1 202

shb_l.a: [5]
    close.o                   24
    dwrite.o                  30
    exit.o                    20
    iarttio.o                128
    iarwrite.o                34
    iarwstd.o                 32
    lseek.o                   74
    remove.o                  20
    write.o                   16
    ----------------------------------------------
    Total:                   378

    Gaps                      40        4
    Linker created                     44   16 384
--------------------------------------------------
    Grand Total:          14 962      385   17 185


*******************************************************************************
*** ENTRY LIST
***

Entry                       Address   Size  Type      Object
-----                       -------   ----  ----      ------
.iar.init_table$$Base    0x800'3870          --   Gb  - Linker created -
.iar.init_table$$Limit   0x800'389c          --   Gb  - Linker created -
?main                    0x800'38bd         Code  Gb  cmain.o [4]
Aldata                  0x2000'0304    0x8  Data  Lc  heap0.o [2]
BusFault_Handler         0x800'38a3    0x2  Code  Gb  stm32f4xx_it.o [1]
CSTACK$$Base            0x1000'0000          --   Gb  - Linker created -
CSTACK$$Limit           0x1000'2000          --   Gb  - Linker created -
CacheMore                0x800'110d   0x24  Code  Lc  xlocale_c.o [2]
DebugMon_Handler         0x800'38a9    0x2  Code  Gb  stm32f4xx_it.o [1]
GPIO_Init                0x800'2cbd   0xa8  Code  Gb  stm32f4xx_gpio.o [1]
GPIO_PinAFConfig         0x800'2d7b   0x54  Code  Gb  stm32f4xx_gpio.o [1]
GPIO_ResetBits           0x800'2d69    0x4  Code  Gb  stm32f4xx_gpio.o [1]
GPIO_SetBits             0x800'2d65    0x4  Code  Gb  stm32f4xx_gpio.o [1]
GPIO_WriteBit            0x800'2d6d    0xe  Code  Gb  stm32f4xx_gpio.o [1]
HEAP$$Base              0x2000'0328          --   Gb  - Linker created -
HEAP$$Limit             0x2000'2328          --   Gb  - Linker created -
HardFault_Handler        0x800'389f    0x2  Code  Gb  stm32f4xx_it.o [1]
LoadInt                  0x800'034b   0x7a  Code  Lc  xprintffull.o [2]
MemManage_Handler        0x800'38a1    0x2  Code  Gb  stm32f4xx_it.o [1]
MilliTimer              0x2000'030c    0x4  Data  Gb  setup_client.o [1]
NMI_Handler              0x800'389d    0x2  Code  Gb  stm32f4xx_it.o [1]
PendSV_Handler           0x800'38ab    0x2  Code  Gb  stm32f4xx_it.o [1]
RCC_AHB1PeriphClockCmd   0x800'2c3d   0x1c  Code  Gb  stm32f4xx_rcc.o [1]
RCC_APB1PeriphResetCmd   0x800'2c75   0x1c  Code  Gb  stm32f4xx_rcc.o [1]
RCC_APB2PeriphClockCmd   0x800'2c59   0x1c  Code  Gb  stm32f4xx_rcc.o [1]
RCC_APB2PeriphResetCmd   0x800'2c91   0x1c  Code  Gb  stm32f4xx_rcc.o [1]
Region$$Table$$Base      0x800'3870          --   Gb  - Linker created -
Region$$Table$$Limit     0x800'389c          --   Gb  - Linker created -
SPI_Cmd                  0x800'2e71   0x1c  Code  Gb  stm32f4xx_spi.o [1]
SPI_I2S_DeInit           0x800'2dd1   0x56  Code  Gb  stm32f4xx_spi.o [1]
SPI_I2S_GetFlagStatus    0x800'2e95   0x12  Code  Gb  stm32f4xx_spi.o [1]
SPI_I2S_ReceiveData      0x800'2e8d    0x4  Code  Gb  stm32f4xx_spi.o [1]
SPI_I2S_SendData         0x800'2e91    0x4  Code  Gb  stm32f4xx_spi.o [1]
SPI_Init                 0x800'2e27   0x3e  Code  Gb  stm32f4xx_spi.o [1]
SVC_Handler              0x800'38a7    0x2  Code  Gb  stm32f4xx_it.o [1]
SetSysClock              0x800'3083   0xaa  Code  Lc  system_stm32f4xx.o [1]
SysTick_Handler          0x800'38ad    0xa  Code  Gb  stm32f4xx_it.o [1]
SystemInit               0x800'303d   0x46  Code  Gb  system_stm32f4xx.o [1]
UsageFault_Handler       0x800'38a5    0x2  Code  Gb  stm32f4xx_it.o [1]
W5500_CS_Deselect        0x800'2b55    0xc  Code  Lc  spi_cf.o [1]
W5500_CS_Select          0x800'2b49    0xc  Code  Lc  spi_cf.o [1]
W5500_Init               0x800'2bc1   0x30  Code  Gb  spi_cf.o [1]
W5500_Mem_Init           0x800'2bf1   0x26  Code  Lc  spi_cf.o [1]
W5500_ReadByte           0x800'2b93   0x2e  Code  Lc  spi_cf.o [1]
W5500_SPI_Init           0x800'2a31  0x118  Code  Lc  spi_cf.o [1]
W5500_WriteByte          0x800'2b61   0x32  Code  Lc  spi_cf.o [1]
WIZCHIP                 0x2000'0158   0x28  Data  Gb  wizchip_conf.o [1]
WIZCHIP_READ             0x800'24c5   0x68  Code  Gb  w5500.o [1]
WIZCHIP_READ_BUF         0x800'2597   0x86  Code  Gb  w5500.o [1]
WIZCHIP_WRITE            0x800'252d   0x6a  Code  Gb  w5500.o [1]
WIZCHIP_WRITE_BUF        0x800'261d   0x84  Code  Gb  w5500.o [1]
_Close_all               0x800'37e9   0x3c  Code  Gb  xcloseall.o [2]
_DHCP_                  0x2000'0321    0x1  Data  Lc  wizchip_conf.o [1]
_DNS_                   0x2000'0310    0x4  Data  Lc  wizchip_conf.o [1]
_Encoding_8859_1_Mbrlen
                         0x800'11a9    0x2  Code  Gb  xencoding_8859_1.o [2]
_Encoding_8859_1_Wctomb
                         0x800'1197   0x12  Code  Gb  xencoding_8859_1.o [2]
_Files                  0x2000'0180   0x20  Data  Gb  xfiles.o [2]
_Fofree                  0x800'35ed   0x86  Code  Gb  xfofind.o [2]
_Fspos                   0x800'3161   0xd8  Code  Gb  xfspos.o [2]
_Fwprep                  0x800'3479   0xb4  Code  Gb  xfwprep.o [2]
_GenldFull               0x800'0da9  0x274  Code  Lc  xprintffull.o [2]
_LdtobFull               0x800'09a5  0x3d6  Code  Lc  xprintffull.o [2]
_LitobFull               0x800'0855  0x10a  Code  Lc  xprintffull.o [2]
_Locale_lconv           0x2000'0120   0x38  Data  Lc  xlocale_c.o [2]
_Nnl                     0x800'32e5    0xc  Code  Gb  xfgpos.o [2]
_PrintfFull              0x800'0189  0x1aa  Code  Gb  xprintffull.o [2]
_Prout                   0x800'3911   0x16  Code  Gb  xprout.o [2]
_PutcharsFull            0x800'101d   0x2e  Code  Lc  xprintffull.o [2]
_PutfldFull              0x800'03c5  0x2d4  Code  Lc  xprintffull.o [2]
_PutstrFull              0x800'078f   0xc6  Code  Lc  xprintffull.o [2]
_PuttxtFull              0x800'0699   0xf6  Code  Lc  xprintffull.o [2]
__aeabi_cdcmple          0x800'177d         Code  Gb  DblCmpLe.o [3]
__aeabi_cdrcmple         0x800'17ad         Code  Gb  DblCmpGe.o [3]
__aeabi_d2iz             0x800'1919         Code  Gb  DblToS32.o [3]
__aeabi_d2uiz            0x800'1ca5         Code  Gb  DblToU32.o [3]
__aeabi_ddiv             0x800'1a5d         Code  Gb  DblDiv.o [3]
__aeabi_dmul             0x800'1569         Code  Gb  DblMul.o [3]
__aeabi_dsub             0x800'1979         Code  Gb  DblSub.o [3]
__aeabi_i2d              0x800'1955         Code  Gb  S32ToDbl.o [3]
__aeabi_ldiv0            0x800'1ced         Code  Gb  I64DivZer.o [4]
__aeabi_memcpy           0x800'1291         Code  Gb  ABImemcpy.o [4]
__aeabi_memcpy4          0x800'12b1         Code  Gb  ABImemcpy.o [4]
__aeabi_memcpy8          0x800'12b1         Code  Gb  ABImemcpy.o [4]
__aeabi_ui2d             0x800'1ccd         Code  Gb  U32ToDbl.o [3]
__aeabi_uldivmod         0x800'1339         Code  Gb  I64DivMod.o [4]
__basic_free             0x800'2f7d   0x16  Code  Gb  heap0.o [2]
__basic_free_intern      0x800'2f93   0x7a  Code  Lc  heap0.o [2]
__basic_malloc           0x800'2ed1   0x18  Code  Gb  heap0.o [2]
__basic_malloc_intern    0x800'2ee9   0x94  Code  Lc  heap0.o [2]
__cexit_closeall         0x800'38e7         Code  Gb  cexit.o [4]
__close                  0x800'36fb   0x18  Code  Gb  close.o [5]
__cmain                  0x800'38bd         Code  Gb  cmain.o [4]
__cstart_closeall        0x800'3ad4         Data  Gb  cstart_closeall.o [4]
__data_GetMemChunk       0x800'3011   0x2c  Code  Gb  xgetmemchunk.o [2]
__data_GetMemChunk::start
                        0x2000'0318    0x4  Data  Lc  xgetmemchunk.o [2]
__dwrite                 0x800'3419   0x1e  Code  Gb  dwrite.o [5]
__exit                   0x800'1e5d   0x14  Code  Gb  exit.o [5]
__iar_Fail_s             0x800'11b5   0x1c  Code  Gb  xfail_s.o [2]
__iar_Mbcurmax           0x800'1285    0xa  Code  Gb  xmbcurmax.o [2]
__iar_Memchr             0x800'122d         Code  Gb  memchr.o [4]
__iar_Stderr            0x2000'00d8   0x48  Data  Gb  xfiles.o [2]
__iar_Stdin             0x2000'0048   0x48  Data  Gb  xfiles.o [2]
__iar_Stdout            0x2000'0090   0x48  Data  Gb  xfiles.o [2]
__iar_Strchr             0x800'1181         Code  Gb  strchr.o [4]
__iar_close_ttio         0x800'1e71   0x2e  Code  Gb  iarttio.o [5]
__iar_dadd               0x800'1989         Code  Gb  DblSub.o [3]
__iar_data_init3         0x800'3825   0x28  Code  Gb  data_init.o [4]
__iar_dsub               0x800'1cf1         Code  Gb  DblAdd.o [3]
__iar_dsubStart          0x800'1d03         Code  Gb  DblAdd.o [3]
__iar_frexp              0x800'1719         Code  Gb  frexp.o [3]
__iar_frexpl             0x800'1719         Code  Gb  frexp.o [3]
__iar_get_ttio           0x800'1ea1   0x4c  Code  Gb  iarttio.o [5]
__iar_globLocale        0x2000'0000   0x48  Data  Lc  xlocale_c.o [2]
__iar_global_Locale      0x800'1109    0x4  Code  Gb  xlocale_c.o [2]
__iar_init_vfp           0x800'384d         Code  Gb  fpinit_M.o [3]
__iar_ldexp64            0x800'17dd         Code  Gb  ldexp.o [3]
__iar_lookup_ttioh       0x800'1f1f    0x4  Code  Gb  XShttio.o [2]
__iar_packbits_init3     0x800'3551   0x9c  Code  Gb  packbits_init.o [4]
__iar_program_start      0x800'3955         Code  Gb  cstartup_M.o [4]
__iar_scalbln64          0x800'17dd         Code  Gb  ldexp.o [3]
__iar_scalbn64           0x800'17dd         Code  Gb  ldexp.o [3]
__iar_sh_Discard         0x800'334d   0x42  Code  Gb  XShHandles.o [2]
__iar_sh_Move            0x800'338f   0x46  Code  Gb  XShHandles.o [2]
__iar_sh_Pos             0x800'33d5   0x3e  Code  Gb  XShHandles.o [2]
__iar_sh_stdout          0x800'3437   0x20  Code  Gb  iarwstd.o [5]
__iar_sh_write           0x800'3457   0x22  Code  Gb  iarwrite.o [5]
__iar_softfp___iar_frexp64
                         0x800'170d         Code  Gb  frexp.o [3]
__iar_softfp_frexp       0x800'170d         Code  Gb  frexp.o [3]
__iar_softfp_frexpl      0x800'170d         Code  Gb  frexp.o [3]
__iar_ttio_guard_lock    0x800'1ef1   0x1e  Code  Gb  XShttio.o [2]
__iar_ttio_guard_unlock
                         0x800'1f0f   0x10  Code  Gb  XShttio.o [2]
__iar_ttio_handles      0x2000'01b8    0x8  Data  Lc  XShttio.o [2]
__iar_zero_init3         0x800'10cf   0x3a  Code  Gb  zero_init3.o [4]
__low_level_init         0x800'38db    0x4  Code  Gb  low_level_init.o [2]
__lseek                  0x800'32f1   0x4a  Code  Gb  lseek.o [5]
__vector_table           0x800'0000         Data  Gb  startup_stm32f4xx.o [1]
__write                  0x800'333b   0x10  Code  Gb  write.o [5]
_call_main               0x800'38c9         Code  Gb  cmain.o [4]
_exit                    0x800'38e5         Code  Gb  cexit.o [4]
_gLocale_mblen           0x800'116d    0x4  Code  Gb  xlocale_c.o [2]
_gLocale_mblenInt        0x800'1131   0x2c  Code  Gb  xlocale_c.o [2]
_gLocale_wctomb          0x800'1171    0x4  Code  Gb  xlocale_c.o [2]
_gLocale_wctombInt       0x800'1169    0x4  Code  Gb  xlocale_c.o [2]
_main                    0x800'38d7         Code  Gb  cmain.o [4]
abort                    0x800'1ce7    0x6  Code  Gb  abort.o [2]
close                    0x800'282d   0x9a  Code  Gb  socket.o [1]
connect                  0x800'28c7  0x156  Code  Gb  socket.o [1]
ctlwizchip               0x800'1fbd  0x138  Code  Gb  wizchip_conf.o [1]
ebuf                    0x2000'024c   0x50  Data  Lc  xfiles.o [2]
exit                     0x800'38df    0x4  Code  Gb  exit.o [2]
fclose                   0x800'367d   0x7e  Code  Gb  fclose.o [2]
fflush                   0x800'32ad   0x34  Code  Gb  fflush.o [2]
fflushOne                0x800'3239   0x74  Code  Lc  fflush.o [2]
fputc                    0x800'3727   0x54  Code  Gb  fputc.o [2]
free                     0x800'3679    0x4  Code  Gb  heaptramp0.o [2]
fseek                    0x800'352d   0x24  Code  Gb  fseek.o [2]
gWIZNETINFO             0x2000'01a0   0x18  Data  Gb  main.o [1]
ldexp                    0x800'17dd         Code  Gb  ldexp.o [3]
ldexpl                   0x800'17dd         Code  Gb  ldexp.o [3]
localeconv               0x800'1175    0x4  Code  Gb  xlocale_c.o [2]
main                     0x800'377d   0x2c  Code  Gb  main.o [1]
memchr                   0x800'122d         Code  Gb  memchr.o [4]
obuf                    0x2000'029c   0x50  Data  Lc  xfiles.o [2]
printf                   0x800'2ea9   0x28  Code  Gb  printf.o [2]
putchar                  0x800'3929    0xc  Code  Gb  putchar.o [2]
reg_wizchip_cris_cbfunc
                         0x800'1f43   0x28  Code  Gb  wizchip_conf.o [1]
reg_wizchip_cs_cbfunc    0x800'1f6b   0x28  Code  Gb  wizchip_conf.o [1]
reg_wizchip_spi_cbfunc   0x800'1f93   0x2a  Code  Gb  wizchip_conf.o [1]
remove                   0x800'3713   0x14  Code  Gb  remove.o [5]
sFileInfo               0x2000'01cc   0x80  Data  Lc  XShHandles.o [2]
scalbln                  0x800'17dd         Code  Gb  ldexp.o [3]
scalblnl                 0x800'17dd         Code  Gb  ldexp.o [3]
scalbn                   0x800'17dd         Code  Gb  ldexp.o [3]
scalbnl                  0x800'17dd         Code  Gb  ldexp.o [3]
scale                    0x800'095f   0x46  Code  Lc  xprintffull.o [2]
sec_hand                0x2000'0314    0x4  Data  Lc  xfail_s.o [2]
server_init              0x800'37b9   0x30  Code  Gb  server.o [1]
sock_any_port           0x2000'01c8    0x2  Data  Lc  socket.o [1]
sock_io_mode            0x2000'031c    0x2  Data  Lc  socket.o [1]
sock_is_sending         0x2000'031e    0x2  Data  Lc  socket.o [1]
sock_pack_info          0x2000'02fc    0x8  Data  Gb  socket.o [1]
sock_remained_size      0x2000'02ec   0x10  Data  Lc  socket.o [1]
socket                   0x800'26a5  0x188  Code  Gb  socket.o [1]
socket_sn               0x2000'0320    0x1  Data  Gb  main.o [1]
strchr                   0x800'1181         Code  Gb  strchr.o [4]
strlen                   0x800'11f5         Code  Gb  strlen.o [4]
targetIP                0x2000'01c0    0x4  Data  Gb  main.o [1]
targetPort              0x2000'01c4    0x4  Data  Gb  main.o [1]
ttio_guard              0x2000'0322    0x1  Data  Lc  XShttio.o [2]
wizchip_bus_readdata     0x800'1f35    0x4  Code  Gb  wizchip_conf.o [1]
wizchip_bus_writedata    0x800'1f39    0x4  Code  Gb  wizchip_conf.o [1]
wizchip_clrinterrupt     0x800'221b   0x24  Code  Gb  wizchip_conf.o [1]
wizchip_cris_enter       0x800'1f2d    0x2  Code  Gb  wizchip_conf.o [1]
wizchip_cris_exit        0x800'1f2f    0x2  Code  Gb  wizchip_conf.o [1]
wizchip_cs_deselect      0x800'1f33    0x2  Code  Gb  wizchip_conf.o [1]
wizchip_cs_select        0x800'1f31    0x2  Code  Gb  wizchip_conf.o [1]
wizchip_getinterrupt     0x800'223f   0x2c  Code  Gb  wizchip_conf.o [1]
wizchip_getinterruptmask
                         0x800'228d   0x28  Code  Gb  wizchip_conf.o [1]
wizchip_init             0x800'216b   0xb0  Code  Gb  wizchip_conf.o [1]
wizchip_setinterruptmask
                         0x800'226b   0x22  Code  Gb  wizchip_conf.o [1]
wizchip_setnetinfo       0x800'244f   0x52  Code  Gb  wizchip_conf.o [1]
wizchip_spi_readbyte     0x800'1f3d    0x4  Code  Gb  wizchip_conf.o [1]
wizchip_spi_writebyte    0x800'1f41    0x2  Code  Gb  wizchip_conf.o [1]
wizchip_sw_reset         0x800'20f5   0x76  Code  Gb  wizchip_conf.o [1]
wizphy_getphyconf        0x800'2373   0x76  Code  Gb  wizchip_conf.o [1]
wizphy_getphylink        0x800'22b5   0x18  Code  Gb  wizchip_conf.o [1]
wizphy_getphypmode       0x800'22cd   0x1e  Code  Gb  wizchip_conf.o [1]
wizphy_reset             0x800'22eb   0x34  Code  Gb  wizchip_conf.o [1]
wizphy_setphyconf        0x800'231f   0x54  Code  Gb  wizchip_conf.o [1]
wizphy_setphypmode       0x800'23e9   0x66  Code  Gb  wizchip_conf.o [1]


[1] = C:\Users\buidi\OneDrive\Desktop\Congty\PRJ3_3S\W5500-STM32-MQTT\W5500_MQTT_STM32\Debug\Obj
[2] = dl7M_tlf.a
[3] = m7M_tls.a
[4] = rt7M_tl.a
[5] = shb_l.a

  14 962 bytes of readonly  code memory
     385 bytes of readonly  data memory
  17 185 bytes of readwrite data memory

Errors: none
Warnings: none
