###############################################################################
#
# IAR ELF Linker V8.32.1.169/W32 for ARM                  05/Apr/2019  10:12:31
# Copyright 2007-2018 IAR Systems AB.
#
#    Output file  =  
#        C:\Users\buidi\OneDrive\Desktop\Congty\PRJ3_3S\W5500-STM32-MQTT\W5500_MQTT_STM32\Debug\Exe\Ethernet.out
#    Map file     =  
#        C:\Users\buidi\OneDrive\Desktop\Congty\PRJ3_3S\W5500-STM32-MQTT\W5500_MQTT_STM32\Debug\List\Ethernet.map
#    Command line =  
#        -f C:\Users\buidi\AppData\Local\Temp\EW7B1F.tmp
#        (C:\Users\buidi\OneDrive\Desktop\Congty\PRJ3_3S\W5500-STM32-MQTT\W5500_MQTT_STM32\Debug\Obj\client.o
#        C:\Users\buidi\OneDrive\Desktop\Congty\PRJ3_3S\W5500-STM32-MQTT\W5500_MQTT_STM32\Debug\Obj\dhcp.o
#        C:\Users\buidi\OneDrive\Desktop\Congty\PRJ3_3S\W5500-STM32-MQTT\W5500_MQTT_STM32\Debug\Obj\flash_f4.o
#        C:\Users\buidi\OneDrive\Desktop\Congty\PRJ3_3S\W5500-STM32-MQTT\W5500_MQTT_STM32\Debug\Obj\led_cf.o
#        C:\Users\buidi\OneDrive\Desktop\Congty\PRJ3_3S\W5500-STM32-MQTT\W5500_MQTT_STM32\Debug\Obj\loopback.o
#        C:\Users\buidi\OneDrive\Desktop\Congty\PRJ3_3S\W5500-STM32-MQTT\W5500_MQTT_STM32\Debug\Obj\main.o
#        C:\Users\buidi\OneDrive\Desktop\Congty\PRJ3_3S\W5500-STM32-MQTT\W5500_MQTT_STM32\Debug\Obj\misc.o
#        C:\Users\buidi\OneDrive\Desktop\Congty\PRJ3_3S\W5500-STM32-MQTT\W5500_MQTT_STM32\Debug\Obj\mqtt_func.o
#        C:\Users\buidi\OneDrive\Desktop\Congty\PRJ3_3S\W5500-STM32-MQTT\W5500_MQTT_STM32\Debug\Obj\mqtt_interface.o
#        C:\Users\buidi\OneDrive\Desktop\Congty\PRJ3_3S\W5500-STM32-MQTT\W5500_MQTT_STM32\Debug\Obj\MQTTClient.o
#        C:\Users\buidi\OneDrive\Desktop\Congty\PRJ3_3S\W5500-STM32-MQTT\W5500_MQTT_STM32\Debug\Obj\MQTTConnectClient.o
#        C:\Users\buidi\OneDrive\Desktop\Congty\PRJ3_3S\W5500-STM32-MQTT\W5500_MQTT_STM32\Debug\Obj\MQTTConnectServer.o
#        C:\Users\buidi\OneDrive\Desktop\Congty\PRJ3_3S\W5500-STM32-MQTT\W5500_MQTT_STM32\Debug\Obj\MQTTDeserializePublish.o
#        C:\Users\buidi\OneDrive\Desktop\Congty\PRJ3_3S\W5500-STM32-MQTT\W5500_MQTT_STM32\Debug\Obj\MQTTFormat.o
#        C:\Users\buidi\OneDrive\Desktop\Congty\PRJ3_3S\W5500-STM32-MQTT\W5500_MQTT_STM32\Debug\Obj\MQTTPacket.o
#        C:\Users\buidi\OneDrive\Desktop\Congty\PRJ3_3S\W5500-STM32-MQTT\W5500_MQTT_STM32\Debug\Obj\MQTTSerializePublish.o
#        C:\Users\buidi\OneDrive\Desktop\Congty\PRJ3_3S\W5500-STM32-MQTT\W5500_MQTT_STM32\Debug\Obj\MQTTSubscribeClient.o
#        C:\Users\buidi\OneDrive\Desktop\Congty\PRJ3_3S\W5500-STM32-MQTT\W5500_MQTT_STM32\Debug\Obj\MQTTSubscribeServer.o
#        C:\Users\buidi\OneDrive\Desktop\Congty\PRJ3_3S\W5500-STM32-MQTT\W5500_MQTT_STM32\Debug\Obj\MQTTUnsubscribeClient.o
#        C:\Users\buidi\OneDrive\Desktop\Congty\PRJ3_3S\W5500-STM32-MQTT\W5500_MQTT_STM32\Debug\Obj\MQTTUnsubscribeServer.o
#        C:\Users\buidi\OneDrive\Desktop\Congty\PRJ3_3S\W5500-STM32-MQTT\W5500_MQTT_STM32\Debug\Obj\server.o
#        C:\Users\buidi\OneDrive\Desktop\Congty\PRJ3_3S\W5500-STM32-MQTT\W5500_MQTT_STM32\Debug\Obj\socket.o
#        C:\Users\buidi\OneDrive\Desktop\Congty\PRJ3_3S\W5500-STM32-MQTT\W5500_MQTT_STM32\Debug\Obj\spi_cf.o
#        C:\Users\buidi\OneDrive\Desktop\Congty\PRJ3_3S\W5500-STM32-MQTT\W5500_MQTT_STM32\Debug\Obj\startup_stm32f4xx.o
#        C:\Users\buidi\OneDrive\Desktop\Congty\PRJ3_3S\W5500-STM32-MQTT\W5500_MQTT_STM32\Debug\Obj\stm32f4xx_exti.o
#        C:\Users\buidi\OneDrive\Desktop\Congty\PRJ3_3S\W5500-STM32-MQTT\W5500_MQTT_STM32\Debug\Obj\stm32f4xx_flash.o
#        C:\Users\buidi\OneDrive\Desktop\Congty\PRJ3_3S\W5500-STM32-MQTT\W5500_MQTT_STM32\Debug\Obj\stm32f4xx_gpio.o
#        C:\Users\buidi\OneDrive\Desktop\Congty\PRJ3_3S\W5500-STM32-MQTT\W5500_MQTT_STM32\Debug\Obj\stm32f4xx_it.o
#        C:\Users\buidi\OneDrive\Desktop\Congty\PRJ3_3S\W5500-STM32-MQTT\W5500_MQTT_STM32\Debug\Obj\stm32f4xx_rcc.o
#        C:\Users\buidi\OneDrive\Desktop\Congty\PRJ3_3S\W5500-STM32-MQTT\W5500_MQTT_STM32\Debug\Obj\stm32f4xx_spi.o
#        C:\Users\buidi\OneDrive\Desktop\Congty\PRJ3_3S\W5500-STM32-MQTT\W5500_MQTT_STM32\Debug\Obj\stm32f4xx_syscfg.o
#        C:\Users\buidi\OneDrive\Desktop\Congty\PRJ3_3S\W5500-STM32-MQTT\W5500_MQTT_STM32\Debug\Obj\stm32f4xx_tim.o
#        C:\Users\buidi\OneDrive\Desktop\Congty\PRJ3_3S\W5500-STM32-MQTT\W5500_MQTT_STM32\Debug\Obj\stm32f4xx_usart.o
#        C:\Users\buidi\OneDrive\Desktop\Congty\PRJ3_3S\W5500-STM32-MQTT\W5500_MQTT_STM32\Debug\Obj\system_stm32f4xx.o
#        C:\Users\buidi\OneDrive\Desktop\Congty\PRJ3_3S\W5500-STM32-MQTT\W5500_MQTT_STM32\Debug\Obj\w5500.o
#        C:\Users\buidi\OneDrive\Desktop\Congty\PRJ3_3S\W5500-STM32-MQTT\W5500_MQTT_STM32\Debug\Obj\wizchip_conf.o
#        --no_out_extension -o
#        C:\Users\buidi\OneDrive\Desktop\Congty\PRJ3_3S\W5500-STM32-MQTT\W5500_MQTT_STM32\Debug\Exe\Ethernet.out
#        --redirect _Printf=_PrintfFull --redirect _Scanf=_ScanfSmallNoMb --map
#        C:\Users\buidi\OneDrive\Desktop\Congty\PRJ3_3S\W5500-STM32-MQTT\W5500_MQTT_STM32\Debug\List\Ethernet.map
#        --config
#        C:\Users\buidi\OneDrive\Desktop\Congty\PRJ3_3S\W5500-STM32-MQTT\W5500_MQTT_STM32\Ethernet.icf
#        --semihosting --entry __iar_program_start --vfe --text_out locale)
#
###############################################################################

*******************************************************************************
*** RUNTIME MODEL ATTRIBUTES
***

CppFlavor       = *
__Heap_Handler  = Basic
__SystemLibrary = DLib
__dlib_version  = 6


*******************************************************************************
*** HEAP SELECTION
***

The basic heap was selected because no calls to memory allocation
functions were found in the application outside of system library
functions, and there are calls to deallocation functions in the
application.


*******************************************************************************
*** PLACEMENT SUMMARY
***

"A0":  place at 0x800'0000 { ro section .intvec };
"P1":  place in [from 0x800'0000 to 0x80f'ffff] { ro };
define block CSTACK with size = 8K, alignment = 8 { };
"P3":  place in [from 0x1000'0000 to 0x1000'ffff] {
          block CSTACK, section .ccram };
define block HEAP with size = 8K, alignment = 8 { };
"P4":  place in [from 0x2000'0000 to 0x2001'bfff] |
                [from 0x2001'c000 to 0x2001'ffff] { rw, block HEAP };
initialize by copy { rw };

No sections matched the following patterns:

  ro section application_specific_ro  in "P2"
  section .backup_sram                in "P5"
  section .ccram                      in "P3"


  Section            Kind         Address    Size  Object
  -------            ----         -------    ----  ------
"A0":                                       0x188
  .intvec            ro code   0x800'0000   0x188  startup_stm32f4xx.o [1]
                             - 0x800'0188   0x188

"P1":                                      0x52e2
  .text              ro code   0x800'0188   0xf46  xprintffull.o [2]
  .text              ro code   0x800'10ce    0x3a  zero_init3.o [4]
  .text              ro code   0x800'1108    0x78  xlocale_c.o [2]
  .text              ro code   0x800'1180    0x16  strchr.o [4]
  .text              ro code   0x800'1196    0x1e  xencoding_8859_1.o [2]
  .text              ro code   0x800'11b4    0x40  xfail_s.o [2]
  .text              ro code   0x800'11f4    0x36  strlen.o [4]
  .text              ro code   0x800'122a     0xa  xsprout.o [2]
  .text              ro code   0x800'1234    0x58  memchr.o [4]
  .text              ro code   0x800'128c     0xa  xmbcurmax.o [2]
  .rodata            const     0x800'1296     0x2  mqtt_func.o [1]
  .text              ro code   0x800'1298    0xa6  ABImemcpy.o [4]
  .text              ro code   0x800'1340   0x230  I64DivMod.o [4]
  .text              ro code   0x800'1570   0x1a2  DblMul.o [3]
  .text              ro code   0x800'1714    0x70  frexp.o [3]
  .text              ro code   0x800'1784    0x2e  DblCmpLe.o [3]
  .text              ro code   0x800'17b4    0x2e  DblCmpGe.o [3]
  .text              ro code   0x800'17e4   0x13a  ldexp.o [3]
  .text              ro code   0x800'1920    0x3a  DblToS32.o [3]
  .text              ro code   0x800'195c    0x22  S32ToDbl.o [3]
  .text              ro code   0x800'1980    0xe2  DblSub.o [3]
  .text              ro code   0x800'1a64   0x246  DblDiv.o [3]
  .text              ro code   0x800'1cac    0x28  DblToU32.o [3]
  .text              ro code   0x800'1cd4    0x1a  U32ToDbl.o [3]
  .text              ro code   0x800'1cee     0x6  abort.o [2]
  .text              ro code   0x800'1cf4     0x2  I64DivZer.o [4]
  .text              ro code   0x800'1cf8   0x16a  DblAdd.o [3]
  .text              ro code   0x800'1e64    0x14  exit.o [5]
  .text              ro code   0x800'1e78    0x80  iarttio.o [5]
  .text              ro code   0x800'1ef8    0x3c  XShttio.o [2]
  .text              ro code   0x800'1f34   0x710  socket.o [1]
  .text              ro code   0x800'2644   0x410  w5500.o [1]
  .text              ro code   0x800'2a54   0x688  MQTTClient.o [1]
  .text              ro code   0x800'30dc   0x1c8  mqtt_interface.o [1]
  .text              ro code   0x800'32a4   0x228  MQTTPacket.o [1]
  .text              ro code   0x800'34cc   0x2c8  MQTTConnectClient.o [1]
  .text              ro code   0x800'3794   0x10c  MQTTDeserializePublish.o [1]
  .text              ro code   0x800'38a0   0x130  MQTTSerializePublish.o [1]
  .text              ro code   0x800'39d0    0x94  misc.o [1]
  .text              ro code   0x800'3a64    0x28  strncmp.o [2]
  .text              ro code   0x800'3a8c   0x598  wizchip_conf.o [1]
  .text              ro code   0x800'4024   0x20c  spi_cf.o [1]
  .text              ro code   0x800'4230    0x80  stm32f4xx_rcc.o [1]
  .text              ro code   0x800'42b0   0x112  stm32f4xx_gpio.o [1]
  .text              ro code   0x800'43c4    0xd6  stm32f4xx_spi.o [1]
  .text              ro code   0x800'449c    0x28  printf.o [2]
  .text              ro code   0x800'44c4   0x140  heap0.o [2]
  .text              ro code   0x800'4604    0x2c  xgetmemchunk.o [2]
  .text              ro code   0x800'4630   0x12c  mqtt_func.o [1]
  .text              ro code   0x800'475c    0x40  sprintf.o [2]
  .text              ro code   0x800'479c   0x124  system_stm32f4xx.o [1]
  .text              ro code   0x800'48c0    0xd8  xfspos.o [2]
  .text              ro code   0x800'4998    0xac  fflush.o [2]
  .text              ro code   0x800'4a44     0xc  xfgpos.o [2]
  .text              ro code   0x800'4a50    0x4a  lseek.o [5]
  .text              ro code   0x800'4a9a    0x10  write.o [5]
  .text              ro code   0x800'4aac    0xcc  XShHandles.o [2]
  .text              ro code   0x800'4b78    0x1e  dwrite.o [5]
  .text              ro code   0x800'4b96    0x20  iarwstd.o [5]
  .text              ro code   0x800'4bb6    0x22  iarwrite.o [5]
  .text              ro code   0x800'4bd8    0xb4  xfwprep.o [2]
  .text              ro code   0x800'4c8c    0x24  fseek.o [2]
  .text              ro code   0x800'4cb0    0x9c  packbits_init.o [4]
  .text              ro code   0x800'4d4c    0x8c  xfofind.o [2]
  .text              ro code   0x800'4dd8     0x4  heaptramp0.o [2]
  .text              ro code   0x800'4ddc    0x7e  fclose.o [2]
  .text              ro code   0x800'4e5a    0x18  close.o [5]
  .text              ro code   0x800'4e72    0x14  remove.o [5]
  .rodata            const     0x800'4e88    0x58  mqtt_func.o [1]
  .rodata            const     0x800'4ee0    0x58  MQTTClient.o [1]
  .text              ro code   0x800'4f38    0x54  fputc.o [2]
  .text              ro code   0x800'4f8c    0x3c  xcloseall.o [2]
  .text              ro code   0x800'4fc8    0x28  data_init.o [4]
  .rodata            const     0x800'4ff0    0x24  mqtt_func.o [1]
  .text              ro code   0x800'5014    0x22  fpinit_M.o [3]
  .iar.init_table    const     0x800'5038    0x2c  - Linker created -
  .text              ro code   0x800'5064    0x1e  cmain.o [4]
  .text              ro code   0x800'5082     0x4  low_level_init.o [2]
  .text              ro code   0x800'5088    0x18  main.o [1]
  .text              ro code   0x800'50a0     0x4  exit.o [2]
  .text              ro code   0x800'50a4     0xe  cexit.o [4]
  .rodata            const     0x800'50b4    0x1c  mqtt_func.o [1]
  .rodata            const     0x800'50d0    0x1c  spi_cf.o [1]
  .text              ro code   0x800'50ec    0x18  stm32f4xx_it.o [1]
  .text              ro code   0x800'5104    0x16  xprout.o [2]
  .text              ro code   0x800'511c     0xc  putchar.o [2]
  .rodata            const     0x800'5128    0x10  mqtt_func.o [1]
  .rodata            const     0x800'5138    0x10  mqtt_func.o [1]
  .rodata            const     0x800'5148    0x10  spi_cf.o [1]
  .text              ro code   0x800'5158    0x10  startup_stm32f4xx.o [1]
  .rodata            const     0x800'5168     0xc  mqtt_func.o [1]
  .rodata            const     0x800'5174     0xc  mqtt_func.o [1]
  .rodata            const     0x800'5180     0xc  mqtt_func.o [1]
  .text              ro code   0x800'518c     0xc  cstartup_M.o [4]
  .rodata            const     0x800'5198     0x8  mqtt_func.o [1]
  .rodata            const     0x800'51a0     0x8  MQTTConnectClient.o [1]
  .rodata            const     0x800'51a8     0x8  MQTTConnectClient.o [1]
  .rodata            const     0x800'51b0     0x6  xlocale_c.o [2]
  .rodata            const     0x800'51b8     0x4  MQTTClient.o [1]
  .rodata            const     0x800'51bc     0x4  MQTTConnectClient.o [1]
  .rodata            const     0x800'51c0     0x4  MQTTConnectClient.o [1]
  .rodata            const     0x800'51c4     0x4  MQTTConnectClient.o [1]
  .rodata            const     0x800'51c8     0x4  MQTTConnectClient.o [1]
  .rodata            const     0x800'51cc     0x4  MQTTConnectClient.o [1]
  .rodata            const     0x800'51d0     0x4  MQTTDeserializePublish.o [1]
  .rodata            const     0x800'51d4     0x4  MQTTDeserializePublish.o [1]
  .rodata            const     0x800'51d8     0x4  MQTTSerializePublish.o [1]
  .rodata            const     0x800'51dc     0x4  MQTTSerializePublish.o [1]
  .text              ro code   0x800'51e0     0x4  startup_stm32f4xx.o [1]
  .text              ro code   0x800'51e4     0x4  startup_stm32f4xx.o [1]
  .text              ro code   0x800'51e8     0x4  startup_stm32f4xx.o [1]
  .text              ro code   0x800'51ec     0x4  startup_stm32f4xx.o [1]
  .text              ro code   0x800'51f0     0x4  startup_stm32f4xx.o [1]
  .text              ro code   0x800'51f4     0x4  startup_stm32f4xx.o [1]
  .text              ro code   0x800'51f8     0x4  startup_stm32f4xx.o [1]
  .text              ro code   0x800'51fc     0x4  startup_stm32f4xx.o [1]
  .text              ro code   0x800'5200     0x4  startup_stm32f4xx.o [1]
  .text              ro code   0x800'5204     0x4  startup_stm32f4xx.o [1]
  .text              ro code   0x800'5208     0x4  startup_stm32f4xx.o [1]
  .text              ro code   0x800'520c     0x4  startup_stm32f4xx.o [1]
  .text              ro code   0x800'5210     0x4  startup_stm32f4xx.o [1]
  .text              ro code   0x800'5214     0x4  startup_stm32f4xx.o [1]
  .text              ro code   0x800'5218     0x4  startup_stm32f4xx.o [1]
  .text              ro code   0x800'521c     0x4  startup_stm32f4xx.o [1]
  .text              ro code   0x800'5220     0x4  startup_stm32f4xx.o [1]
  .text              ro code   0x800'5224     0x4  startup_stm32f4xx.o [1]
  .text              ro code   0x800'5228     0x4  startup_stm32f4xx.o [1]
  .text              ro code   0x800'522c     0x4  startup_stm32f4xx.o [1]
  .text              ro code   0x800'5230     0x4  startup_stm32f4xx.o [1]
  .text              ro code   0x800'5234     0x4  startup_stm32f4xx.o [1]
  .text              ro code   0x800'5238     0x4  startup_stm32f4xx.o [1]
  .text              ro code   0x800'523c     0x4  startup_stm32f4xx.o [1]
  .text              ro code   0x800'5240     0x4  startup_stm32f4xx.o [1]
  .text              ro code   0x800'5244     0x4  startup_stm32f4xx.o [1]
  .text              ro code   0x800'5248     0x4  startup_stm32f4xx.o [1]
  .text              ro code   0x800'524c     0x4  startup_stm32f4xx.o [1]
  .text              ro code   0x800'5250     0x4  startup_stm32f4xx.o [1]
  .text              ro code   0x800'5254     0x4  startup_stm32f4xx.o [1]
  .text              ro code   0x800'5258     0x4  startup_stm32f4xx.o [1]
  .text              ro code   0x800'525c     0x4  startup_stm32f4xx.o [1]
  .text              ro code   0x800'5260     0x4  startup_stm32f4xx.o [1]
  .text              ro code   0x800'5264     0x4  startup_stm32f4xx.o [1]
  .text              ro code   0x800'5268     0x4  startup_stm32f4xx.o [1]
  .text              ro code   0x800'526c     0x4  startup_stm32f4xx.o [1]
  .text              ro code   0x800'5270     0x4  startup_stm32f4xx.o [1]
  .text              ro code   0x800'5274     0x4  startup_stm32f4xx.o [1]
  .text              ro code   0x800'5278     0x4  startup_stm32f4xx.o [1]
  .text              ro code   0x800'527c     0x4  startup_stm32f4xx.o [1]
  .text              ro code   0x800'5280     0x4  startup_stm32f4xx.o [1]
  .text              ro code   0x800'5284     0x4  startup_stm32f4xx.o [1]
  .text              ro code   0x800'5288     0x4  startup_stm32f4xx.o [1]
  .text              ro code   0x800'528c     0x4  startup_stm32f4xx.o [1]
  .text              ro code   0x800'5290     0x4  startup_stm32f4xx.o [1]
  .text              ro code   0x800'5294     0x4  startup_stm32f4xx.o [1]
  .text              ro code   0x800'5298     0x4  startup_stm32f4xx.o [1]
  .text              ro code   0x800'529c     0x4  startup_stm32f4xx.o [1]
  .text              ro code   0x800'52a0     0x4  startup_stm32f4xx.o [1]
  .text              ro code   0x800'52a4     0x4  startup_stm32f4xx.o [1]
  .text              ro code   0x800'52a8     0x4  startup_stm32f4xx.o [1]
  .text              ro code   0x800'52ac     0x4  startup_stm32f4xx.o [1]
  .text              ro code   0x800'52b0     0x4  startup_stm32f4xx.o [1]
  .text              ro code   0x800'52b4     0x4  startup_stm32f4xx.o [1]
  .text              ro code   0x800'52b8     0x4  startup_stm32f4xx.o [1]
  .text              ro code   0x800'52bc     0x4  startup_stm32f4xx.o [1]
  .text              ro code   0x800'52c0     0x4  startup_stm32f4xx.o [1]
  .text              ro code   0x800'52c4     0x4  startup_stm32f4xx.o [1]
  .text              ro code   0x800'52c8     0x4  startup_stm32f4xx.o [1]
  .text              ro code   0x800'52cc     0x4  startup_stm32f4xx.o [1]
  .text              ro code   0x800'52d0     0x4  startup_stm32f4xx.o [1]
  .text              ro code   0x800'52d4     0x4  startup_stm32f4xx.o [1]
  .text              ro code   0x800'52d8     0x4  startup_stm32f4xx.o [1]
  .text              ro code   0x800'52dc     0x4  startup_stm32f4xx.o [1]
  .text              ro code   0x800'52e0     0x4  startup_stm32f4xx.o [1]
  .text              ro code   0x800'52e4     0x4  startup_stm32f4xx.o [1]
  .text              ro code   0x800'52e8     0x4  startup_stm32f4xx.o [1]
  .text              ro code   0x800'52ec     0x4  startup_stm32f4xx.o [1]
  .text              ro code   0x800'52f0     0x4  startup_stm32f4xx.o [1]
  .text              ro code   0x800'52f4     0x4  startup_stm32f4xx.o [1]
  .text              ro code   0x800'52f8     0x4  startup_stm32f4xx.o [1]
  .text              ro code   0x800'52fc     0x4  startup_stm32f4xx.o [1]
  .text              ro code   0x800'5300     0x4  startup_stm32f4xx.o [1]
  .text              ro code   0x800'5304     0x4  startup_stm32f4xx.o [1]
  .text              ro code   0x800'5308     0x4  startup_stm32f4xx.o [1]
  .text              ro code   0x800'530c     0x4  startup_stm32f4xx.o [1]
  .text              ro code   0x800'5310     0x4  startup_stm32f4xx.o [1]
  .text              ro code   0x800'5314     0x4  startup_stm32f4xx.o [1]
  .text              ro code   0x800'5318     0x4  startup_stm32f4xx.o [1]
  .text              ro code   0x800'531c     0x4  startup_stm32f4xx.o [1]
  .text              ro code   0x800'5320     0x4  startup_stm32f4xx.o [1]
  .text              ro code   0x800'5324     0x4  startup_stm32f4xx.o [1]
  .text              ro code   0x800'5328     0x0  cstart_closeall.o [4]
  .rodata            const     0x800'5328     0x0  zero_init3.o [4]
  .rodata            const     0x800'5328     0x0  packbits_init.o [4]
  Initializer bytes  const     0x800'5328   0x142  <for P4 s0>
                             - 0x800'546a  0x52e2

"P3":                                      0x2000
  CSTACK                      0x1000'0000  0x2000  <Block>
    CSTACK           uninit   0x1000'0000  0x2000  <Block tail>
                            - 0x1000'2000  0x2000

"P4", part 1 of 3:                          0x1f2
  P4 s0                       0x2000'0000   0x1f2  <Init block>
    .data            inited   0x2000'0000    0x48  xlocale_c.o [2]
    .data            inited   0x2000'0048    0x48  xfiles.o [2]
    .data            inited   0x2000'0090    0x48  xfiles.o [2]
    .data            inited   0x2000'00d8    0x48  xfiles.o [2]
    .data            inited   0x2000'0120    0x38  xlocale_c.o [2]
    .data            inited   0x2000'0158    0x28  wizchip_conf.o [1]
    .data            inited   0x2000'0180    0x24  mqtt_func.o [1]
    .data            inited   0x2000'01a4    0x20  xfiles.o [2]
    .data            inited   0x2000'01c4    0x18  main.o [1]
    .data            inited   0x2000'01dc     0x8  XShttio.o [2]
    .data            inited   0x2000'01e4     0x4  mqtt_func.o [1]
    .data            inited   0x2000'01e8     0x4  mqtt_func.o [1]
    .data            inited   0x2000'01ec     0x4  system_stm32f4xx.o [1]
    .data            inited   0x2000'01f0     0x2  socket.o [1]
                            - 0x2000'01f2   0x1f2

"P4", part 2 of 3:                          0x960
  .bss               zero     0x2000'01f4   0x800  mqtt_func.o [1]
  .bss               zero     0x2000'09f4    0x80  XShHandles.o [2]
  .bss               zero     0x2000'0a74    0x50  xfiles.o [2]
  .bss               zero     0x2000'0ac4    0x50  xfiles.o [2]
  .bss               zero     0x2000'0b14    0x10  socket.o [1]
  .bss               zero     0x2000'0b24     0x8  socket.o [1]
  .bss               zero     0x2000'0b2c     0x8  heap0.o [2]
  .bss               zero     0x2000'0b34     0x4  mqtt_func.o [1]
  .bss               zero     0x2000'0b38     0x4  mqtt_interface.o [1]
  .bss               zero     0x2000'0b3c     0x4  MQTTPacket.o [1]
  .bss               zero     0x2000'0b40     0x4  wizchip_conf.o [1]
  .bss               zero     0x2000'0b44     0x4  xfail_s.o [2]
  .bss               zero     0x2000'0b48     0x4  xgetmemchunk.o [2]
  .bss               zero     0x2000'0b4c     0x2  socket.o [1]
  .bss               zero     0x2000'0b4e     0x2  socket.o [1]
  .bss               zero     0x2000'0b50     0x1  wizchip_conf.o [1]
  .bss               zero     0x2000'0b51     0x1  XShttio.o [2]
                            - 0x2000'0b52   0x95e

"P4", part 3 of 3:                         0x2000
  HEAP                        0x2000'0b58  0x2000  <Block>
    HEAP             uninit   0x2000'0b58  0x2000  <Block tail>
                            - 0x2000'2b58  0x2000

Unused ranges:

         From           To      Size
         ----           --      ----
   0x800'546a   0x80f'ffff  0xf'ab96
  0x1000'2000  0x1000'ffff    0xe000
  0x2000'01f2  0x2000'01f3       0x2
  0x2000'0b54  0x2000'0b57       0x4
  0x2000'2b58  0x2001'bfff  0x1'94a8
  0x2001'c000  0x2001'ffff    0x4000


*******************************************************************************
*** INIT TABLE
***

          Address      Size
          -------      ----
Zero (__iar_zero_init3)
    1 destination range, total size 0x95e:
          0x2000'01f4  0x95e

Copy/packbits (__iar_packbits_init3)
    1 source range, total size 0x142 (64% of destination):
           0x800'5328  0x142
    1 destination range, total size 0x1f2:
          0x2000'0000  0x1f2



*******************************************************************************
*** MODULE SUMMARY
***

    Module                    ro code  ro data  rw data
    ------                    -------  -------  -------
command line/config:
    ---------------------------------------------------
    Total:

C:\Users\buidi\OneDrive\Desktop\Congty\PRJ3_3S\W5500-STM32-MQTT\W5500_MQTT_STM32\Debug\Obj: [1]
    MQTTClient.o                1 672       92
    MQTTConnectClient.o           712       36
    MQTTDeserializePublish.o      268        8
    MQTTPacket.o                  552                 4
    MQTTSerializePublish.o        304        8
    main.o                         24       15       24
    misc.o                        148
    mqtt_func.o                   300      259    2 096
    mqtt_interface.o              456                 4
    socket.o                    1 808        2       30
    spi_cf.o                      524       44
    startup_stm32f4xx.o           736
    stm32f4xx_gpio.o              274
    stm32f4xx_it.o                 24
    stm32f4xx_rcc.o               128
    stm32f4xx_spi.o               214
    system_stm32f4xx.o            292        2        4
    w5500.o                     1 040
    wizchip_conf.o              1 432       26       45
    ---------------------------------------------------
    Total:                     10 908      492    2 207

dl7M_tlf.a: [2]
    XShHandles.o                  204               128
    XShttio.o                      60        5        9
    abort.o                         6
    exit.o                          4
    fclose.o                      126
    fflush.o                      172
    fputc.o                        84
    fseek.o                        36
    heap0.o                       320                 8
    heaptramp0.o                    4
    low_level_init.o                4
    printf.o                       40
    putchar.o                      12
    sprintf.o                      64
    strncmp.o                      40
    xcloseall.o                    60
    xencoding_8859_1.o             30
    xfail_s.o                      64                 4
    xfgpos.o                       12
    xfiles.o                               161      408
    xfofind.o                     140
    xfspos.o                      216
    xfwprep.o                     180
    xgetmemchunk.o                 44                 4
    xlocale_c.o                   120       88      128
    xmbcurmax.o                    10
    xprintffull.o               3 910
    xprout.o                       22
    xsprout.o                      10
    ---------------------------------------------------
    Total:                      5 994      254      689

m7M_tls.a: [3]
    DblAdd.o                      362
    DblCmpGe.o                     46
    DblCmpLe.o                     46
    DblDiv.o                      582
    DblMul.o                      418
    DblSub.o                      226
    DblToS32.o                     58
    DblToU32.o                     40
    S32ToDbl.o                     34
    U32ToDbl.o                     26
    fpinit_M.o                     34
    frexp.o                       112
    ldexp.o                       314
    ---------------------------------------------------
    Total:                      2 298

rt7M_tl.a: [4]
    ABImemcpy.o                   166
    I64DivMod.o                   560
    I64DivZer.o                     2
    cexit.o                        14
    cmain.o                        30
    cstart_closeall.o
    cstartup_M.o                   12
    data_init.o                    40
    memchr.o                       88
    packbits_init.o               156
    strchr.o                       22
    strlen.o                       54
    zero_init3.o                   58
    ---------------------------------------------------
    Total:                      1 202

shb_l.a: [5]
    close.o                        24
    dwrite.o                       30
    exit.o                         20
    iarttio.o                     128
    iarwrite.o                     34
    iarwstd.o                      32
    lseek.o                        74
    remove.o                       20
    write.o                        16
    ---------------------------------------------------
    Total:                        378

    Gaps                           32        8
    Linker created                          44   16 384
-------------------------------------------------------
    Grand Total:               20 812      798   19 280


*******************************************************************************
*** ENTRY LIST
***

Entry                       Address   Size  Type      Object
-----                       -------   ----  ----      ------
.iar.init_table$$Base    0x800'5038          --   Gb  - Linker created -
.iar.init_table$$Limit   0x800'5064          --   Gb  - Linker created -
?main                    0x800'5065         Code  Gb  cmain.o [4]
Aldata                  0x2000'0b2c    0x8  Data  Lc  heap0.o [2]
BusFault_Handler         0x800'50f3    0x2  Code  Gb  stm32f4xx_it.o [1]
CSTACK$$Base            0x1000'0000          --   Gb  - Linker created -
CSTACK$$Limit           0x1000'2000          --   Gb  - Linker created -
CacheMore                0x800'110d   0x24  Code  Lc  xlocale_c.o [2]
ConnectNetwork           0x800'3209   0x7e  Code  Gb  mqtt_interface.o [1]
ConnectToServer          0x800'4631   0xfe  Code  Gb  mqtt_func.o [1]
DebugMon_Handler         0x800'50f9    0x2  Code  Gb  stm32f4xx_it.o [1]
GPIO_Init                0x800'42b1   0xa8  Code  Gb  stm32f4xx_gpio.o [1]
GPIO_PinAFConfig         0x800'436f   0x54  Code  Gb  stm32f4xx_gpio.o [1]
GPIO_ResetBits           0x800'435d    0x4  Code  Gb  stm32f4xx_gpio.o [1]
GPIO_SetBits             0x800'4359    0x4  Code  Gb  stm32f4xx_gpio.o [1]
GPIO_WriteBit            0x800'4361    0xe  Code  Gb  stm32f4xx_gpio.o [1]
HEAP$$Base              0x2000'0b58          --   Gb  - Linker created -
HEAP$$Limit             0x2000'2b58          --   Gb  - Linker created -
HardFault_Handler        0x800'50ef    0x2  Code  Gb  stm32f4xx_it.o [1]
LoadInt                  0x800'034b   0x7a  Code  Lc  xprintffull.o [2]
MQTTClientInit           0x800'2ad5   0x3e  Code  Gb  MQTTClient.o [1]
MQTTConnect              0x800'2eff   0xa6  Code  Gb  MQTTClient.o [1]
MQTTDeserialize_ack      0x800'383b   0x5c  Code  Gb  MQTTDeserializePublish.o [1]
MQTTDeserialize_connack
                         0x800'36af   0x6c  Code  Gb  MQTTConnectClient.o [1]
MQTTDeserialize_publish
                         0x800'3795   0xa6  Code  Gb  MQTTDeserializePublish.o [1]
MQTTDisconnect           0x800'30a5   0x38  Code  Gb  MQTTClient.o [1]
MQTTPacket_decode        0x800'32cf   0x48  Code  Gb  MQTTPacket.o [1]
MQTTPacket_decodeBuf     0x800'3359    0xe  Code  Gb  MQTTPacket.o [1]
MQTTPacket_encode        0x800'32a5   0x2a  Code  Gb  MQTTPacket.o [1]
MQTTPacket_equals        0x800'347f   0x40  Code  Gb  MQTTPacket.o [1]
MQTTPacket_len           0x800'3317   0x22  Code  Gb  MQTTPacket.o [1]
MQTTPublish              0x800'2fb1   0xf4  Code  Gb  MQTTClient.o [1]
MQTTSerialize_ack        0x800'3965   0x62  Code  Gb  MQTTSerializePublish.o [1]
MQTTSerialize_connect    0x800'354d  0x162  Code  Gb  MQTTConnectClient.o [1]
MQTTSerialize_connectLength
                         0x800'34cd   0x80  Code  Gb  MQTTConnectClient.o [1]
MQTTSerialize_disconnect
                         0x800'3781    0xa  Code  Gb  MQTTConnectClient.o [1]
MQTTSerialize_pingreq    0x800'378b    0xa  Code  Gb  MQTTConnectClient.o [1]
MQTTSerialize_publish    0x800'38c3   0xa2  Code  Gb  MQTTSerializePublish.o [1]
MQTTSerialize_publishLength
                         0x800'38a1   0x22  Code  Gb  MQTTSerializePublish.o [1]
MQTTSerialize_zero       0x800'371b   0x4a  Code  Gb  MQTTConnectClient.o [1]
MQTTYield                0x800'2e9d   0x38  Code  Gb  MQTTClient.o [1]
MQTTstrlen               0x800'346b   0x14  Code  Gb  MQTTPacket.o [1]
MemManage_Handler        0x800'50f1    0x2  Code  Gb  stm32f4xx_it.o [1]
MilliTimer              0x2000'0b38    0x4  Data  Gb  mqtt_interface.o [1]
MilliTimer_Handler       0x800'3131    0xa  Code  Gb  mqtt_interface.o [1]
NMI_Handler              0x800'50ed    0x2  Code  Gb  stm32f4xx_it.o [1]
NVIC_Init                0x800'39d1   0x62  Code  Gb  misc.o [1]
NVIC_SetPriority         0x800'30dd   0x24  Code  Lc  mqtt_interface.o [1]
NewMessageData           0x800'2a55    0x6  Code  Lc  MQTTClient.o [1]
NewNetwork               0x800'3183   0x16  Code  Gb  mqtt_interface.o [1]
PendSV_Handler           0x800'50fb    0x2  Code  Gb  stm32f4xx_it.o [1]
RCC_AHB1PeriphClockCmd   0x800'4231   0x1c  Code  Gb  stm32f4xx_rcc.o [1]
RCC_APB1PeriphResetCmd   0x800'4269   0x1c  Code  Gb  stm32f4xx_rcc.o [1]
RCC_APB2PeriphClockCmd   0x800'424d   0x1c  Code  Gb  stm32f4xx_rcc.o [1]
RCC_APB2PeriphResetCmd   0x800'4285   0x1c  Code  Gb  stm32f4xx_rcc.o [1]
Region$$Table$$Base      0x800'5038          --   Gb  - Linker created -
Region$$Table$$Limit     0x800'5064          --   Gb  - Linker created -
SPI_Cmd                  0x800'4465   0x1c  Code  Gb  stm32f4xx_spi.o [1]
SPI_I2S_DeInit           0x800'43c5   0x56  Code  Gb  stm32f4xx_spi.o [1]
SPI_I2S_GetFlagStatus    0x800'4489   0x12  Code  Gb  stm32f4xx_spi.o [1]
SPI_I2S_ReceiveData      0x800'4481    0x4  Code  Gb  stm32f4xx_spi.o [1]
SPI_I2S_SendData         0x800'4485    0x4  Code  Gb  stm32f4xx_spi.o [1]
SPI_Init                 0x800'441b   0x3e  Code  Gb  stm32f4xx_spi.o [1]
SVC_Handler              0x800'50f7    0x2  Code  Gb  stm32f4xx_it.o [1]
SetSysClock              0x800'47e3   0xaa  Code  Lc  system_stm32f4xx.o [1]
SysTick_CLKSourceConfig
                         0x800'3a33   0x1c  Code  Gb  misc.o [1]
SysTick_Config           0x800'3101   0x30  Code  Lc  mqtt_interface.o [1]
SysTick_Handler          0x800'50fd    0x8  Code  Gb  stm32f4xx_it.o [1]
SystemCoreClock         0x2000'01ec    0x4  Data  Gb  system_stm32f4xx.o [1]
SystemInit               0x800'479d   0x46  Code  Gb  system_stm32f4xx.o [1]
TimerCountdown           0x800'3161   0x10  Code  Gb  mqtt_interface.o [1]
TimerCountdownMS         0x800'3157    0xa  Code  Gb  mqtt_interface.o [1]
TimerInit                0x800'313b    0x6  Code  Gb  mqtt_interface.o [1]
TimerIsExpired           0x800'3141   0x16  Code  Gb  mqtt_interface.o [1]
TimerLeftMS              0x800'3171   0x12  Code  Gb  mqtt_interface.o [1]
UsageFault_Handler       0x800'50f5    0x2  Code  Gb  stm32f4xx_it.o [1]
W5500_CS_Deselect        0x800'4149    0xc  Code  Lc  spi_cf.o [1]
W5500_CS_Select          0x800'413d    0xc  Code  Lc  spi_cf.o [1]
W5500_Init               0x800'41b5   0x30  Code  Gb  spi_cf.o [1]
W5500_Mem_Init           0x800'41e5   0x26  Code  Lc  spi_cf.o [1]
W5500_ReadByte           0x800'4187   0x2e  Code  Lc  spi_cf.o [1]
W5500_SPI_Init           0x800'4025  0x118  Code  Lc  spi_cf.o [1]
W5500_WriteByte          0x800'4155   0x32  Code  Lc  spi_cf.o [1]
WIZCHIP                 0x2000'0158   0x28  Data  Gb  wizchip_conf.o [1]
WIZCHIP_READ             0x800'2645   0x68  Code  Gb  w5500.o [1]
WIZCHIP_READ_BUF         0x800'2717   0x86  Code  Gb  w5500.o [1]
WIZCHIP_WRITE            0x800'26ad   0x6a  Code  Gb  w5500.o [1]
WIZCHIP_WRITE_BUF        0x800'279d   0x84  Code  Gb  w5500.o [1]
_Close_all               0x800'4f8d   0x3c  Code  Gb  xcloseall.o [2]
_DHCP_                  0x2000'0b50    0x1  Data  Lc  wizchip_conf.o [1]
_DNS_                   0x2000'0b40    0x4  Data  Lc  wizchip_conf.o [1]
_Encoding_8859_1_Mbrlen
                         0x800'11a9    0x2  Code  Gb  xencoding_8859_1.o [2]
_Encoding_8859_1_Wctomb
                         0x800'1197   0x12  Code  Gb  xencoding_8859_1.o [2]
_Files                  0x2000'01a4   0x20  Data  Gb  xfiles.o [2]
_Fofree                  0x800'4d4d   0x86  Code  Gb  xfofind.o [2]
_Fspos                   0x800'48c1   0xd8  Code  Gb  xfspos.o [2]
_Fwprep                  0x800'4bd9   0xb4  Code  Gb  xfwprep.o [2]
_GenldFull               0x800'0da9  0x274  Code  Lc  xprintffull.o [2]
_LdtobFull               0x800'09a5  0x3d6  Code  Lc  xprintffull.o [2]
_LitobFull               0x800'0855  0x10a  Code  Lc  xprintffull.o [2]
_Locale_lconv           0x2000'0120   0x38  Data  Lc  xlocale_c.o [2]
_Nnl                     0x800'4a45    0xc  Code  Gb  xfgpos.o [2]
_PrintfFull              0x800'0189  0x1aa  Code  Gb  xprintffull.o [2]
_Prout                   0x800'5105   0x16  Code  Gb  xprout.o [2]
_PutcharsFull            0x800'101d   0x2e  Code  Lc  xprintffull.o [2]
_PutfldFull              0x800'03c5  0x2d4  Code  Lc  xprintffull.o [2]
_PutstrFull              0x800'078f   0xc6  Code  Lc  xprintffull.o [2]
_PuttxtFull              0x800'0699   0xf6  Code  Lc  xprintffull.o [2]
_SProut                  0x800'122b    0xa  Code  Gb  xsprout.o [2]
__aeabi_cdcmple          0x800'1785         Code  Gb  DblCmpLe.o [3]
__aeabi_cdrcmple         0x800'17b5         Code  Gb  DblCmpGe.o [3]
__aeabi_d2iz             0x800'1921         Code  Gb  DblToS32.o [3]
__aeabi_d2uiz            0x800'1cad         Code  Gb  DblToU32.o [3]
__aeabi_ddiv             0x800'1a65         Code  Gb  DblDiv.o [3]
__aeabi_dmul             0x800'1571         Code  Gb  DblMul.o [3]
__aeabi_dsub             0x800'1981         Code  Gb  DblSub.o [3]
__aeabi_i2d              0x800'195d         Code  Gb  S32ToDbl.o [3]
__aeabi_ldiv0            0x800'1cf5         Code  Gb  I64DivZer.o [4]
__aeabi_memcpy           0x800'1299         Code  Gb  ABImemcpy.o [4]
__aeabi_memcpy4          0x800'12b9         Code  Gb  ABImemcpy.o [4]
__aeabi_memcpy8          0x800'12b9         Code  Gb  ABImemcpy.o [4]
__aeabi_ui2d             0x800'1cd5         Code  Gb  U32ToDbl.o [3]
__aeabi_uldivmod         0x800'1341         Code  Gb  I64DivMod.o [4]
__basic_free             0x800'4571   0x16  Code  Gb  heap0.o [2]
__basic_free_intern      0x800'4587   0x7a  Code  Lc  heap0.o [2]
__basic_malloc           0x800'44c5   0x18  Code  Gb  heap0.o [2]
__basic_malloc_intern    0x800'44dd   0x94  Code  Lc  heap0.o [2]
__cexit_closeall         0x800'50a7         Code  Gb  cexit.o [4]
__close                  0x800'4e5b   0x18  Code  Gb  close.o [5]
__cmain                  0x800'5065         Code  Gb  cmain.o [4]
__cstart_closeall        0x800'5328         Data  Gb  cstart_closeall.o [4]
__data_GetMemChunk       0x800'4605   0x2c  Code  Gb  xgetmemchunk.o [2]
__data_GetMemChunk::start
                        0x2000'0b48    0x4  Data  Lc  xgetmemchunk.o [2]
__dwrite                 0x800'4b79   0x1e  Code  Gb  dwrite.o [5]
__exit                   0x800'1e65   0x14  Code  Gb  exit.o [5]
__iar_Fail_s             0x800'11b5   0x1c  Code  Gb  xfail_s.o [2]
__iar_Mbcurmax           0x800'128d    0xa  Code  Gb  xmbcurmax.o [2]
__iar_Memchr             0x800'1235         Code  Gb  memchr.o [4]
__iar_Stderr            0x2000'00d8   0x48  Data  Gb  xfiles.o [2]
__iar_Stdin             0x2000'0048   0x48  Data  Gb  xfiles.o [2]
__iar_Stdout            0x2000'0090   0x48  Data  Gb  xfiles.o [2]
__iar_Strchr             0x800'1181         Code  Gb  strchr.o [4]
__iar_close_ttio         0x800'1e79   0x2e  Code  Gb  iarttio.o [5]
__iar_dadd               0x800'1991         Code  Gb  DblSub.o [3]
__iar_data_init3         0x800'4fc9   0x28  Code  Gb  data_init.o [4]
__iar_dsub               0x800'1cf9         Code  Gb  DblAdd.o [3]
__iar_dsubStart          0x800'1d0b         Code  Gb  DblAdd.o [3]
__iar_frexp              0x800'1721         Code  Gb  frexp.o [3]
__iar_frexpl             0x800'1721         Code  Gb  frexp.o [3]
__iar_get_ttio           0x800'1ea9   0x4c  Code  Gb  iarttio.o [5]
__iar_globLocale        0x2000'0000   0x48  Data  Lc  xlocale_c.o [2]
__iar_global_Locale      0x800'1109    0x4  Code  Gb  xlocale_c.o [2]
__iar_init_vfp           0x800'5015         Code  Gb  fpinit_M.o [3]
__iar_ldexp64            0x800'17e5         Code  Gb  ldexp.o [3]
__iar_lookup_ttioh       0x800'1f27    0x4  Code  Gb  XShttio.o [2]
__iar_packbits_init3     0x800'4cb1   0x9c  Code  Gb  packbits_init.o [4]
__iar_program_start      0x800'518d         Code  Gb  cstartup_M.o [4]
__iar_scalbln64          0x800'17e5         Code  Gb  ldexp.o [3]
__iar_scalbn64           0x800'17e5         Code  Gb  ldexp.o [3]
__iar_sh_Discard         0x800'4aad   0x42  Code  Gb  XShHandles.o [2]
__iar_sh_Move            0x800'4aef   0x46  Code  Gb  XShHandles.o [2]
__iar_sh_Pos             0x800'4b35   0x3e  Code  Gb  XShHandles.o [2]
__iar_sh_stdout          0x800'4b97   0x20  Code  Gb  iarwstd.o [5]
__iar_sh_write           0x800'4bb7   0x22  Code  Gb  iarwrite.o [5]
__iar_softfp___iar_frexp64
                         0x800'1715         Code  Gb  frexp.o [3]
__iar_softfp_frexp       0x800'1715         Code  Gb  frexp.o [3]
__iar_softfp_frexpl      0x800'1715         Code  Gb  frexp.o [3]
__iar_ttio_guard_lock    0x800'1ef9   0x1e  Code  Gb  XShttio.o [2]
__iar_ttio_guard_unlock
                         0x800'1f17   0x10  Code  Gb  XShttio.o [2]
__iar_ttio_handles      0x2000'01dc    0x8  Data  Lc  XShttio.o [2]
__iar_zero_init3         0x800'10cf   0x3a  Code  Gb  zero_init3.o [4]
__low_level_init         0x800'5083    0x4  Code  Gb  low_level_init.o [2]
__lseek                  0x800'4a51   0x4a  Code  Gb  lseek.o [5]
__vector_table           0x800'0000         Data  Gb  startup_stm32f4xx.o [1]
__write                  0x800'4a9b   0x10  Code  Gb  write.o [5]
_call_main               0x800'5071         Code  Gb  cmain.o [4]
_exit                    0x800'50a5         Code  Gb  cexit.o [4]
_gLocale_mblen           0x800'116d    0x4  Code  Gb  xlocale_c.o [2]
_gLocale_mblenInt        0x800'1131   0x2c  Code  Gb  xlocale_c.o [2]
_gLocale_wctomb          0x800'1171    0x4  Code  Gb  xlocale_c.o [2]
_gLocale_wctombInt       0x800'1169    0x4  Code  Gb  xlocale_c.o [2]
_main                    0x800'507f         Code  Gb  cmain.o [4]
abort                    0x800'1cef    0x6  Code  Gb  abort.o [2]
bufchar                  0x800'3339   0x20  Code  Gb  MQTTPacket.o [1]
bufptr                  0x2000'0b3c    0x4  Data  Lc  MQTTPacket.o [1]
close                    0x800'20bd   0x9a  Code  Gb  socket.o [1]
connect                  0x800'2157  0x156  Code  Gb  socket.o [1]
ctlwizchip               0x800'3b1d  0x138  Code  Gb  wizchip_conf.o [1]
cycle                    0x800'2d53  0x14a  Code  Gb  MQTTClient.o [1]
decodePacket             0x800'2b13   0x62  Code  Lc  MQTTClient.o [1]
deliverMessage           0x800'2c6d   0x8e  Code  Gb  MQTTClient.o [1]
disconnect               0x800'22ad   0xae  Code  Gb  socket.o [1]
ebuf                    0x2000'0a74   0x50  Data  Lc  xfiles.o [2]
exit                     0x800'50a1    0x4  Code  Gb  exit.o [2]
fclose                   0x800'4ddd   0x7e  Code  Gb  fclose.o [2]
fflush                   0x800'4a0d   0x34  Code  Gb  fflush.o [2]
fflushOne                0x800'4999   0x74  Code  Lc  fflush.o [2]
fputc                    0x800'4f39   0x54  Code  Gb  fputc.o [2]
free                     0x800'4dd9    0x4  Code  Gb  heaptramp0.o [2]
fseek                    0x800'4c8d   0x24  Code  Gb  fseek.o [2]
gWIZNETINFO             0x2000'01c4   0x18  Data  Gb  main.o [1]
getNextPacketId          0x800'2a5b   0x18  Code  Lc  MQTTClient.o [1]
getSn_RX_RSR             0x800'28a7   0x82  Code  Gb  w5500.o [1]
getSn_TX_FSR             0x800'2825   0x82  Code  Gb  w5500.o [1]
isTopicMatched           0x800'2bf9   0x74  Code  Lc  MQTTClient.o [1]
keepalive                0x800'2cfb   0x58  Code  Gb  MQTTClient.o [1]
ldexp                    0x800'17e5         Code  Gb  ldexp.o [3]
ldexpl                   0x800'17e5         Code  Gb  ldexp.o [3]
localeconv               0x800'1175    0x4  Code  Gb  xlocale_c.o [2]
main                     0x800'5089   0x18  Code  Gb  main.o [1]
memchr                   0x800'1235         Code  Gb  memchr.o [4]
obuf                    0x2000'0ac4   0x50  Data  Lc  xfiles.o [2]
opts                    0x2000'0180   0x24  Data  Gb  mqtt_func.o [1]
printf                   0x800'449d   0x28  Code  Gb  printf.o [2]
putchar                  0x800'511d    0xc  Code  Gb  putchar.o [2]
readChar                 0x800'337f   0x10  Code  Gb  MQTTPacket.o [1]
readInt                  0x800'3367   0x18  Code  Gb  MQTTPacket.o [1]
readMQTTLenString        0x800'3431   0x3a  Code  Gb  MQTTPacket.o [1]
readPacket               0x800'2b75   0x84  Code  Lc  MQTTClient.o [1]
recv                     0x800'24e9  0x148  Code  Gb  socket.o [1]
reg_wizchip_cris_cbfunc
                         0x800'3aa3   0x28  Code  Gb  wizchip_conf.o [1]
reg_wizchip_cs_cbfunc    0x800'3acb   0x28  Code  Gb  wizchip_conf.o [1]
reg_wizchip_spi_cbfunc   0x800'3af3   0x2a  Code  Gb  wizchip_conf.o [1]
remove                   0x800'4e73   0x14  Code  Gb  remove.o [5]
sFileInfo               0x2000'09f4   0x80  Data  Lc  XShHandles.o [2]
scalbln                  0x800'17e5         Code  Gb  ldexp.o [3]
scalblnl                 0x800'17e5         Code  Gb  ldexp.o [3]
scalbn                   0x800'17e5         Code  Gb  ldexp.o [3]
scalbnl                  0x800'17e5         Code  Gb  ldexp.o [3]
scale                    0x800'095f   0x46  Code  Lc  xprintffull.o [2]
sec_hand                0x2000'0b44    0x4  Data  Lc  xfail_s.o [2]
send                     0x800'235b  0x18e  Code  Gb  socket.o [1]
sendPacket               0x800'2a73   0x62  Code  Lc  MQTTClient.o [1]
sock_any_port           0x2000'01f0    0x2  Data  Lc  socket.o [1]
sock_io_mode            0x2000'0b4c    0x2  Data  Lc  socket.o [1]
sock_is_sending         0x2000'0b4e    0x2  Data  Lc  socket.o [1]
sock_pack_info          0x2000'0b24    0x8  Data  Gb  socket.o [1]
sock_remained_size      0x2000'0b14   0x10  Data  Lc  socket.o [1]
socket                   0x800'1f35  0x188  Code  Gb  socket.o [1]
sprintf                  0x800'475d   0x40  Code  Gb  sprintf.o [2]
strchr                   0x800'1181         Code  Gb  strchr.o [4]
strlen                   0x800'11f5         Code  Gb  strlen.o [4]
strncmp                  0x800'3a65   0x28  Code  Gb  strncmp.o [2]
targetIP                0x2000'01e4    0x4  Data  Gb  mqtt_func.o [1]
targetPort              0x2000'01e8    0x4  Data  Gb  mqtt_func.o [1]
tempBuffer              0x2000'01f4  0x800  Data  Gb  mqtt_func.o [1]
toStop                  0x2000'0b34    0x4  Data  Gb  mqtt_func.o [1]
ttio_guard              0x2000'0b51    0x1  Data  Lc  XShttio.o [2]
w5500_disconnect         0x800'31fd    0xc  Code  Gb  mqtt_interface.o [1]
w5500_read               0x800'3199   0x38  Code  Gb  mqtt_interface.o [1]
w5500_write              0x800'31d1   0x2c  Code  Gb  mqtt_interface.o [1]
waitfor                  0x800'2ed5   0x2a  Code  Gb  MQTTClient.o [1]
wiz_recv_data            0x800'29bf   0x96  Code  Gb  w5500.o [1]
wiz_send_data            0x800'2929   0x96  Code  Gb  w5500.o [1]
wizchip_bus_readdata     0x800'3a95    0x4  Code  Gb  wizchip_conf.o [1]
wizchip_bus_writedata    0x800'3a99    0x4  Code  Gb  wizchip_conf.o [1]
wizchip_clrinterrupt     0x800'3d7b   0x24  Code  Gb  wizchip_conf.o [1]
wizchip_cris_enter       0x800'3a8d    0x2  Code  Gb  wizchip_conf.o [1]
wizchip_cris_exit        0x800'3a8f    0x2  Code  Gb  wizchip_conf.o [1]
wizchip_cs_deselect      0x800'3a93    0x2  Code  Gb  wizchip_conf.o [1]
wizchip_cs_select        0x800'3a91    0x2  Code  Gb  wizchip_conf.o [1]
wizchip_getinterrupt     0x800'3d9f   0x2c  Code  Gb  wizchip_conf.o [1]
wizchip_getinterruptmask
                         0x800'3ded   0x28  Code  Gb  wizchip_conf.o [1]
wizchip_init             0x800'3ccb   0xb0  Code  Gb  wizchip_conf.o [1]
wizchip_setinterruptmask
                         0x800'3dcb   0x22  Code  Gb  wizchip_conf.o [1]
wizchip_setnetinfo       0x800'3faf   0x52  Code  Gb  wizchip_conf.o [1]
wizchip_spi_readbyte     0x800'3a9d    0x4  Code  Gb  wizchip_conf.o [1]
wizchip_spi_writebyte    0x800'3aa1    0x2  Code  Gb  wizchip_conf.o [1]
wizchip_sw_reset         0x800'3c55   0x76  Code  Gb  wizchip_conf.o [1]
wizphy_getphyconf        0x800'3ed3   0x76  Code  Gb  wizchip_conf.o [1]
wizphy_getphylink        0x800'3e15   0x18  Code  Gb  wizchip_conf.o [1]
wizphy_getphypmode       0x800'3e2d   0x1e  Code  Gb  wizchip_conf.o [1]
wizphy_reset             0x800'3e4b   0x34  Code  Gb  wizchip_conf.o [1]
wizphy_setphyconf        0x800'3e7f   0x54  Code  Gb  wizchip_conf.o [1]
wizphy_setphypmode       0x800'3f49   0x66  Code  Gb  wizchip_conf.o [1]
writeCString             0x800'33c5   0x2a  Code  Gb  MQTTPacket.o [1]
writeChar                0x800'338f    0xc  Code  Gb  MQTTPacket.o [1]
writeInt                 0x800'339b   0x2a  Code  Gb  MQTTPacket.o [1]
writeMQTTString          0x800'33ef   0x42  Code  Gb  MQTTPacket.o [1]


[1] = C:\Users\buidi\OneDrive\Desktop\Congty\PRJ3_3S\W5500-STM32-MQTT\W5500_MQTT_STM32\Debug\Obj
[2] = dl7M_tlf.a
[3] = m7M_tls.a
[4] = rt7M_tl.a
[5] = shb_l.a

  20 812 bytes of readonly  code memory
     798 bytes of readonly  data memory
  19 280 bytes of readwrite data memory

Errors: none
Warnings: none
